Component: ARM Compiler 5.05 update 1 (build 106) Tool: armlink [4d0efa]

==============================================================================

Section Cross References

    startup_stm32f427xx.o(RESET) refers to startup_stm32f427xx.o(STACK) for __initial_sp
    startup_stm32f427xx.o(RESET) refers to startup_stm32f427xx.o(.text) for Reset_Handler
    startup_stm32f427xx.o(RESET) refers to stm32f4xx_it.o(i.NMI_Handler) for NMI_Handler
    startup_stm32f427xx.o(RESET) refers to stm32f4xx_it.o(i.HardFault_Handler) for HardFault_Handler
    startup_stm32f427xx.o(RESET) refers to stm32f4xx_it.o(i.MemManage_Handler) for MemManage_Handler
    startup_stm32f427xx.o(RESET) refers to stm32f4xx_it.o(i.BusFault_Handler) for BusFault_Handler
    startup_stm32f427xx.o(RESET) refers to stm32f4xx_it.o(i.UsageFault_Handler) for UsageFault_Handler
    startup_stm32f427xx.o(RESET) refers to stm32f4xx_it.o(i.SVC_Handler) for SVC_Handler
    startup_stm32f427xx.o(RESET) refers to stm32f4xx_it.o(i.DebugMon_Handler) for DebugMon_Handler
    startup_stm32f427xx.o(RESET) refers to stm32f4xx_it.o(i.PendSV_Handler) for PendSV_Handler
    startup_stm32f427xx.o(RESET) refers to stm32f4xx_it.o(i.SysTick_Handler) for SysTick_Handler
    startup_stm32f427xx.o(RESET) refers to stm32f4xx_it.o(i.ADC_IRQHandler) for ADC_IRQHandler
    startup_stm32f427xx.o(RESET) refers to stm32f4xx_it.o(i.CAN1_RX0_IRQHandler) for CAN1_RX0_IRQHandler
    startup_stm32f427xx.o(RESET) refers to stm32f4xx_it.o(i.CAN1_RX1_IRQHandler) for CAN1_RX1_IRQHandler
    startup_stm32f427xx.o(RESET) refers to stm32f4xx_it.o(i.TIM2_IRQHandler) for TIM2_IRQHandler
    startup_stm32f427xx.o(RESET) refers to stm32f4xx_it.o(i.TIM3_IRQHandler) for TIM3_IRQHandler
    startup_stm32f427xx.o(RESET) refers to stm32f4xx_it.o(i.TIM4_IRQHandler) for TIM4_IRQHandler
    startup_stm32f427xx.o(RESET) refers to stm32f4xx_it.o(i.SPI1_IRQHandler) for SPI1_IRQHandler
    startup_stm32f427xx.o(RESET) refers to stm32f4xx_it.o(i.USART2_IRQHandler) for USART2_IRQHandler
    startup_stm32f427xx.o(RESET) refers to stm32f4xx_it.o(i.USART3_IRQHandler) for USART3_IRQHandler
    startup_stm32f427xx.o(RESET) refers to stm32f4xx_it.o(i.TIM8_CC_IRQHandler) for TIM8_CC_IRQHandler
    startup_stm32f427xx.o(RESET) refers to stm32f4xx_it.o(i.CAN2_RX0_IRQHandler) for CAN2_RX0_IRQHandler
    startup_stm32f427xx.o(RESET) refers to stm32f4xx_it.o(i.CAN2_RX1_IRQHandler) for CAN2_RX1_IRQHandler
    startup_stm32f427xx.o(RESET) refers to stm32f4xx_it.o(i.USART6_IRQHandler) for USART6_IRQHandler
    startup_stm32f427xx.o(RESET) refers to stm32f4xx_it.o(i.UART7_IRQHandler) for UART7_IRQHandler
    startup_stm32f427xx.o(RESET) refers to stm32f4xx_it.o(i.UART8_IRQHandler) for UART8_IRQHandler
    startup_stm32f427xx.o(.text) refers to system_stm32f4xx.o(i.SystemInit) for SystemInit
    startup_stm32f427xx.o(.text) refers to entry.o(.ARM.Collect$$$$00000000) for __main
    main.o(i.SystemClock_Config) refers to memseta.o(.text) for __aeabi_memclr4
    main.o(i.SystemClock_Config) refers to stm32f4xx_hal_rcc.o(i.HAL_RCC_OscConfig) for HAL_RCC_OscConfig
    main.o(i.SystemClock_Config) refers to stm32f4xx_hal_rcc.o(i.HAL_RCC_ClockConfig) for HAL_RCC_ClockConfig
    main.o(i.main) refers to stm32f4xx_hal.o(i.HAL_Init) for HAL_Init
    main.o(i.main) refers to main.o(i.SystemClock_Config) for SystemClock_Config
    main.o(i.main) refers to stm32f4xx_hal.o(i.HAL_Delay) for HAL_Delay
    main.o(i.main) refers to gpio.o(i.MX_GPIO_Init) for MX_GPIO_Init
    main.o(i.main) refers to usart.o(i.MX_USART3_UART_Init) for MX_USART3_UART_Init
    main.o(i.main) refers to usart.o(i.MX_USART2_UART_Init) for MX_USART2_UART_Init
    main.o(i.main) refers to usart.o(i.MX_UART7_Init) for MX_UART7_Init
    main.o(i.main) refers to usart.o(i.MX_UART8_Init) for MX_UART8_Init
    main.o(i.main) refers to can.o(i.MX_CAN1_Init) for MX_CAN1_Init
    main.o(i.main) refers to can.o(i.MX_CAN2_Init) for MX_CAN2_Init
    main.o(i.main) refers to tim.o(i.MX_TIM3_Init) for MX_TIM3_Init
    main.o(i.main) refers to tim.o(i.MX_TIM2_Init) for MX_TIM2_Init
    main.o(i.main) refers to tim.o(i.MX_TIM4_Init) for MX_TIM4_Init
    main.o(i.main) refers to tim.o(i.MX_TIM8_Init) for MX_TIM8_Init
    main.o(i.main) refers to spi.o(i.MX_SPI1_Init) for MX_SPI1_Init
    main.o(i.main) refers to adc.o(i.MX_ADC1_Init) for MX_ADC1_Init
    main.o(i.main) refers to stm32f4xx_hal_tim.o(i.HAL_TIM_Base_Start_IT) for HAL_TIM_Base_Start_IT
    main.o(i.main) refers to stm32f4xx_hal_tim.o(i.HAL_TIM_PWM_Start) for HAL_TIM_PWM_Start
    main.o(i.main) refers to stm32f4xx_hal_tim.o(i.HAL_TIM_OC_Start_IT) for HAL_TIM_OC_Start_IT
    main.o(i.main) refers to oled.o(i.oled_init) for oled_init
    main.o(i.main) refers to module_arm.o(i.Duoji_Init) for Duoji_Init
    main.o(i.main) refers to track.o(i.TRACK_INIT) for TRACK_INIT
    main.o(i.main) refers to openmv.o(i.OpenmvInit) for OpenmvInit
[...]
    i.LED                                    0x080037bc   Section        0  led.o(i.LED)
    i.MX_ADC1_Init                           0x080037ec   Section        0  adc.o(i.MX_ADC1_Init)
    i.MX_CAN1_Init                           0x0800384c   Section        0  can.o(i.MX_CAN1_Init)
    i.MX_CAN2_Init                           0x080038d4   Section        0  can.o(i.MX_CAN2_Init)
    i.MX_GPIO_Init                           0x0800395c   Section        0  gpio.o(i.MX_GPIO_Init)
    i.MX_SPI1_Init                           0x08003af4   Section        0  spi.o(i.MX_SPI1_Init)
    i.MX_TIM2_Init                           0x08003b3c   Section        0  tim.o(i.MX_TIM2_Init)
    i.MX_TIM3_Init                           0x08003ba0   Section        0  tim.o(i.MX_TIM3_Init)
    i.MX_TIM4_Init                           0x08003c08   Section        0  tim.o(i.MX_TIM4_Init)
    i.MX_TIM8_Init                           0x08003c70   Section        0  tim.o(i.MX_TIM8_Init)
    i.MX_UART7_Init                          0x08003d5c   Section        0  usart.o(i.MX_UART7_Init)
    i.MX_UART8_Init                          0x08003da8   Section        0  usart.o(i.MX_UART8_Init)
    i.MX_USART2_UART_Init                    0x08003de0   Section        0  usart.o(i.MX_USART2_UART_Init)
    i.MX_USART3_UART_Init                    0x08003e18   Section        0  usart.o(i.MX_USART3_UART_Init)
    i.MX_USART6_UART_Init                    0x08003e50   Section        0  usart.o(i.MX_USART6_UART_Init)
    i.MemManage_Handler                      0x08003e88   Section        0  stm32f4xx_it.o(i.MemManage_Handler)
    i.NMI_Handler                            0x08003e8a   Section        0  stm32f4xx_it.o(i.NMI_Handler)
    i.NVIC_SetPriority                       0x08003e8c   Section        0  stm32f4xx_hal_cortex.o(i.NVIC_SetPriority)
    NVIC_SetPriority                         0x08003e8d   Thumb Code    32  stm32f4xx_hal_cortex.o(i.NVIC_SetPriority)
    i.OLED_TRACK_CAR                         0x08003eac   Section        0  oled.o(i.OLED_TRACK_CAR)
    i.OpenmvInit                             0x080040b0   Section        0  openmv.o(i.OpenmvInit)
    i.OpenmvRevDataHandler                   0x080040cc   Section        0  openmv.o(i.OpenmvRevDataHandler)
    i.OpenmvRevDatasHandler                  0x08004180   Section        0  openmv.o(i.OpenmvRevDatasHandler)
    i.OpenmvScanBallStartStop                0x080041a0   Section        0  openmv.o(i.OpenmvScanBallStartStop)
    i.OpenmvThresholdMeasure                 0x080041bc   Section        0  openmv.o(i.OpenmvThresholdMeasure)
    i.PRECISE_ADJUST_OK                      0x080041d8   Section        0  track.o(i.PRECISE_ADJUST_OK)
    i.P_ADJUST                               0x080041ec   Section        0  track.o(i.P_ADJUST)
    i.PendSV_Handler                         0x08004218   Section        0  stm32f4xx_it.o(i.PendSV_Handler)
    i.PlatformControl                        0x0800421c   Section        0  module_arm.o(i.PlatformControl)
    i.Platform_Init                          0x08004278   Section        0  module_arm.o(i.Platform_Init)
    i.SILENCE_ADJUST_OK                      0x080042ac   Section        0  track.o(i.SILENCE_ADJUST_OK)
    i.SPI1_IRQHandler                        0x080042c0   Section        0  stm32f4xx_it.o(i.SPI1_IRQHandler)
    i.SPI_CheckFlag_BSY                      0x080042cc   Section        0  stm32f4xx_hal_spi.o(i.SPI_CheckFlag_BSY)
    SPI_CheckFlag_BSY                        0x080042cd   Thumb Code    32  stm32f4xx_hal_spi.o(i.SPI_CheckFlag_BSY)
    i.SPI_DMAAbortOnError                    0x080042ec   Section        0  stm32f4xx_hal_spi.o(i.SPI_DMAAbortOnError)
    SPI_DMAAbortOnError                      0x080042ed   Thumb Code    16  stm32f4xx_hal_spi.o(i.SPI_DMAAbortOnError)
    i.SPI_WaitFlagStateUntilTimeout          0x080042fc   Section        0  stm32f4xx_hal_spi.o(i.SPI_WaitFlagStateUntilTimeout)
    SPI_WaitFlagStateUntilTimeout            0x080042fd   Thumb Code   150  stm32f4xx_hal_spi.o(i.SPI_WaitFlagStateUntilTimeout)
    i.SVC_Handler                            0x08004392   Section        0  stm32f4xx_it.o(i.SVC_Handler)
    i.S_ADJUST                               0x08004394   Section        0  track.o(i.S_ADJUST)
    i.SysTick_Handler                        0x080043c0   Section        0  stm32f4xx_it.o(i.SysTick_Handler)
    i.SystemClock_Config                     0x080043c4   Section        0  main.o(i.SystemClock_Config)
    i.SystemInit                             0x08004448   Section        0  system_stm32f4xx.o(i.SystemInit)
    i.TCPRevDataHandler                      0x0800449c   Section        0  tcp.o(i.TCPRevDataHandler)
    i.TCPRevDatasHandler                     0x08004554   Section        0  tcp.o(i.TCPRevDatasHandler)
    i.TIM2_IRQHandler                        0x080045d0   Section        0  stm32f4xx_it.o(i.TIM2_IRQHandler)
    i.TIM3_IRQHandler                        0x080045dc   Section        0  stm32f4xx_it.o(i.TIM3_IRQHandler)
    i.TIM4_IRQHandler                        0x080045e8   Section        0  stm32f4xx_it.o(i.TIM4_IRQHandler)
    i.TIM8_CC_IRQHandler                     0x080045f4   Section        0  stm32f4xx_it.o(i.TIM8_CC_IRQHandler)
    i.TIM_Base_SetConfig                     0x08004600   Section        0  stm32f4xx_hal_tim.o(i.TIM_Base_SetConfig)
    i.TIM_CCxChannelCmd                      0x080046c0   Section        0  stm32f4xx_hal_tim.o(i.TIM_CCxChannelCmd)
    i.TIM_ETR_SetConfig                      0x080046d6   Section        0  stm32f4xx_hal_tim.o(i.TIM_ETR_SetConfig)
    TIM_ETR_SetConfig                        0x080046d7   Thumb Code    20  stm32f4xx_hal_tim.o(i.TIM_ETR_SetConfig)
    i.TIM_ITRx_SetConfig                     0x080046ea   Section        0  stm32f4xx_hal_tim.o(i.TIM_ITRx_SetConfig)
    TIM_ITRx_SetConfig                       0x080046eb   Thumb Code    16  stm32f4xx_hal_tim.o(i.TIM_ITRx_SetConfig)
    i.TIM_OC1_SetConfig                      0x080046fc   Section        0  stm32f4xx_hal_tim.o(i.TIM_OC1_SetConfig)
    TIM_OC1_SetConfig                        0x080046fd   Thumb Code    80  stm32f4xx_hal_tim.o(i.TIM_OC1_SetConfig)
    i.TIM_OC2_SetConfig                      0x08004754   Section        0  stm32f4xx_hal_tim.o(i.TIM_OC2_SetConfig)
    i.TIM_OC3_SetConfig                      0x080047b8   Section        0  stm32f4xx_hal_tim.o(i.TIM_OC3_SetConfig)
    TIM_OC3_SetConfig                        0x080047b9   Thumb Code    88  stm32f4xx_hal_tim.o(i.TIM_OC3_SetConfig)
    i.TIM_OC4_SetConfig                      0x08004818   Section        0  stm32f4xx_hal_tim.o(i.TIM_OC4_SetConfig)
    TIM_OC4_SetConfig                        0x08004819   Thumb Code    70  stm32f4xx_hal_tim.o(i.TIM_OC4_SetConfig)
    i.TIM_TI1_ConfigInputStage               0x08004868   Section        0  stm32f4xx_hal_tim.o(i.TIM_TI1_ConfigInputStage)
    TIM_TI1_ConfigInputStage                 0x08004869   Thumb Code    34  stm32f4xx_hal_tim.o(i.TIM_TI1_ConfigInputStage)
    i.TIM_TI2_ConfigInputStage               0x0800488a   Section        0  stm32f4xx_hal_tim.o(i.TIM_TI2_ConfigInputStage)
    TIM_TI2_ConfigInputStage                 0x0800488b   Thumb Code    36  stm32f4xx_hal_tim.o(i.TIM_TI2_ConfigInputStage)
    i.TRACK_CAR_CTOL                         0x080048b0   Section        0  track.o(i.TRACK_CAR_CTOL)
    i.TRACK_COR_GO                           0x080048d0   Section        0  track.o(i.TRACK_COR_GO)
    i.TRACK_COR_UPDATE                       0x08004950   Section        0  track.o(i.TRACK_COR_UPDATE)
    i.TRACK_DIR_GO                           0x08004ac4   Section        0  track.o(i.TRACK_DIR_GO)
    i.TRACK_DIR_UPDATE                       0x08004cc8   Section        0  track.o(i.TRACK_DIR_UPDATE)
    i.TRACK_GO_STEP                          0x08004d40   Section        0  track.o(i.TRACK_GO_STEP)
    i.TRACK_INIT                             0x08004d88   Section        0  track.o(i.TRACK_INIT)
    i.TRACK_INSTRUCTION_TX                   0x08004da8   Section        0  track.o(i.TRACK_INSTRUCTION_TX)
    i.TRACK_MODULE                           0x08004df8   Section        0  track.o(i.TRACK_MODULE)
    i.TRACK_MODULE_BLUE_BY                   0x08004e2c   Section        0  track.o(i.TRACK_MODULE_BLUE_BY)
    i.TRACK_MODULE_BLUE_BYB                  0x08005ca0   Section        0  track.o(i.TRACK_MODULE_BLUE_BYB)
    i.TRACK_MODULE_BLUE_YB                   0x0800699c   Section        0  track.o(i.TRACK_MODULE_BLUE_YB)
    i.TRACK_MODULE_RED_RY                    0x080078a4   Section        0  track.o(i.TRACK_MODULE_RED_RY)
    i.TRACK_MODULE_RED_RYR                   0x08008608   Section        0  track.o(i.TRACK_MODULE_RED_RYR)
    i.TRACK_MODULE_RED_YR                    0x080091d8   Section        0  track.o(i.TRACK_MODULE_RED_YR)
    i.TRACK_POS_ADJUST                       0x08009f50   Section        0  track.o(i.TRACK_POS_ADJUST)
    i.TRACK_POS_GO                           0x0800a700   Section        0  track.o(i.TRACK_POS_GO)
    i.TRACK_POS_UPDATE                       0x0800a774   Section        0  track.o(i.TRACK_POS_UPDATE)
    i.TRACK_TURN_ANGLE                       0x0800a8b4   Section        0  track.o(i.TRACK_TURN_ANGLE)
    i.UART7_IRQHandler                       0x0800a8f4   Section        0  stm32f4xx_it.o(i.UART7_IRQHandler)
    i.UART8_IRQHandler                       0x0800a900   Section        0  stm32f4xx_it.o(i.UART8_IRQHandler)
    i.UART_DMAAbortOnError                   0x0800a90c   Section        0  stm32f4xx_hal_uart.o(i.UART_DMAAbortOnError)
    UART_DMAAbortOnError                     0x0800a90d   Thumb Code    16  stm32f4xx_hal_uart.o(i.UART_DMAAbortOnError)
    i.UART_EndRxTransfer                     0x0800a91c   Section        0  stm32f4xx_hal_uart.o(i.UART_EndRxTransfer)
    UART_EndRxTransfer                       0x0800a91d   Thumb Code    28  stm32f4xx_hal_uart.o(i.UART_EndRxTransfer)
    i.UART_Receive_IT                        0x0800a938   Section        0  stm32f4xx_hal_uart.o(i.UART_Receive_IT)
    UART_Receive_IT                          0x0800a939   Thumb Code   140  stm32f4xx_hal_uart.o(i.UART_Receive_IT)
    i.UART_SetConfig                         0x0800a9c4   Section        0  stm32f4xx_hal_uart.o(i.UART_SetConfig)
    UART_SetConfig                           0x0800a9c5   Thumb Code   676  stm32f4xx_hal_uart.o(i.UART_SetConfig)
    i.UART_Transmit_IT                       0x0800ac70   Section        0  stm32f4xx_hal_uart.o(i.UART_Transmit_IT)
    UART_Transmit_IT                         0x0800ac71   Thumb Code    98  stm32f4xx_hal_uart.o(i.UART_Transmit_IT)
    i.UART_WaitOnFlagUntilTimeout            0x0800acd2   Section        0  stm32f4xx_hal_uart.o(i.UART_WaitOnFlagUntilTimeout)
    UART_WaitOnFlagUntilTimeout              0x0800acd3   Thumb Code   100  stm32f4xx_hal_uart.o(i.UART_WaitOnFlagUntilTimeout)
    i.USART2_IRQHandler                      0x0800ad38   Section        0  stm32f4xx_it.o(i.USART2_IRQHandler)
    i.USART3_IRQHandler                      0x0800ad44   Section        0  stm32f4xx_it.o(i.USART3_IRQHandler)
    i.USART6_IRQHandler                      0x0800ad50   Section        0  stm32f4xx_it.o(i.USART6_IRQHandler)
    i.UsageFault_Handler                     0x0800ad5c   Section        0  stm32f4xx_it.o(i.UsageFault_Handler)
    i.__ARM_fpclassify                       0x0800ad5e   Section        0  fpclassify.o(i.__ARM_fpclassify)
    i.__hardfp_atan                          0x0800ad90   Section        0  atan.o(i.__hardfp_atan)
    i.__kernel_poly                          0x0800b068   Section        0  poly.o(i.__kernel_poly)
    i.__mathlib_dbl_infnan                   0x0800b160   Section        0  dunder.o(i.__mathlib_dbl_infnan)
    i.__mathlib_dbl_underflow                0x0800b178   Section        0  dunder.o(i.__mathlib_dbl_underflow)
    i.__scatterload_copy                     0x0800b198   Section       14  handlers.o(i.__scatterload_copy)
    i.__scatterload_null                     0x0800b1a6   Section        2  handlers.o(i.__scatterload_null)
    i.__scatterload_zeroinit                 0x0800b1a8   Section       14  handlers.o(i.__scatterload_zeroinit)
    i.fabs                                   0x0800b1b6   Section        0  fabs.o(i.fabs)
    i.finish_fetch                           0x0800b1d0   Section        0  module_arm.o(i.finish_fetch)
    i.main                                   0x0800b4a8   Section        0  main.o(i.main)
    i.oled_clear                             0x0800b560   Section        0  oled.o(i.oled_clear)
    i.oled_drawpoint                         0x0800b5a0   Section        0  oled.o(i.oled_drawpoint)
    i.oled_init                              0x0800b5e8   Section        0  oled.o(i.oled_init)
    i.oled_refresh_gram                      0x0800b70c   Section        0  oled.o(i.oled_refresh_gram)
    i.oled_set_pos                           0x0800b740   Section        0  oled.o(i.oled_set_pos)
    oled_set_pos                             0x0800b741   Thumb Code    42  oled.o(i.oled_set_pos)
    i.oled_showchar                          0x0800b76c   Section        0  oled.o(i.oled_showchar)
    i.oled_shownum                           0x0800b7e4   Section        0  oled.o(i.oled_shownum)
    i.oled_showstring                        0x0800b856   Section        0  oled.o(i.oled_showstring)
    i.oled_write_byte                        0x0800b884   Section        0  oled.o(i.oled_write_byte)
    i.pwm_setvalue                           0x0800b8b0   Section        0  tim.o(i.pwm_setvalue)
    i.waiting_fetch_ball                     0x0800b8dc   Section        0  module_arm.o(i.waiting_fetch_ball)
    i.waiting_fetch_cube                     0x0800b96a   Section        0  module_arm.o(i.waiting_fetch_cube)
    .constdata                               0x0800ba06   Section       16  system_stm32f4xx.o(.constdata)
    .constdata                               0x0800ba16   Section        8  system_stm32f4xx.o(.constdata)
    .constdata                               0x0800ba1e   Section     2164  oled.o(.constdata)
    .constdata                               0x0800c298   Section      152  atan.o(.constdata)
    atanhi                                   0x0800c298   Data          32  atan.o(.constdata)
    atanlo                                   0x0800c2b8   Data          32  atan.o(.constdata)
    aTodd                                    0x0800c2d8   Data          40  atan.o(.constdata)
    aTeven                                   0x0800c300   Data          48  atan.o(.constdata)
    .data                                    0x20000000   Section       12  can.o(.data)
    HAL_RCC_CAN1_CLK_ENABLED                 0x20000000   Data           4  can.o(.data)
    .data                                    0x2000000c   Section        6  tim.o(.data)
    .data                                    0x20000014   Section       12  stm32f4xx_hal.o(.data)
    .data                                    0x20000020   Section        4  system_stm32f4xx.o(.data)
    .data                                    0x20000024   Section       37  callback.o(.data)
    sum                                      0x20000026   Data           1  callback.o(.data)
    .data                                    0x20000049   Section        8  callback.o(.data)
    .data                                    0x20000051   Section       64  tcp.o(.data)
    temp                                     0x20000052   Data           1  tcp.o(.data)
    sum                                      0x20000053   Data           1  tcp.o(.data)
    temp_bit                                 0x20000054   Data           1  tcp.o(.data)
    .data                                    0x20000091   Section       11  module_arm.o(.data)
    .data                                    0x2000009c   Section       36  track.o(.data)
    Count                                    0x2000009c   Data           1  track.o(.data)
    i                                        0x2000009d   Data           1  track.o(.data)
    M2006_HDR                                0x200000a8   Data          24  track.o(.data)
    .data                                    0x200000c0   Section        1  led.o(.data)
    .data                                    0x200000c4   Section        8  digital_gray16.o(.data)
    i                                        0x200000c4   Data           1  digital_gray16.o(.data)
    LONG                                     0x200000c5   Data           1  digital_gray16.o(.data)
    WIDE                                     0x200000c6   Data           1  digital_gray16.o(.data)
    GRAY_LEVEL                               0x200000c8   Data           4  digital_gray16.o(.data)
    .data                                    0x200000cc   Section       28  laser.o(.data)
    num                                      0x200000cc   Data           1  laser.o(.data)
    LASER_HDR                                0x200000d0   Data          24  laser.o(.data)
    .data                                    0x200000e8   Section       15  openmv.o(.data)
    temp                                     0x200000e9   Data           1  openmv.o(.data)
    sum                                      0x200000ea   Data           1  openmv.o(.data)
    temp_bit                                 0x200000eb   Data           1  openmv.o(.data)
    .bss                                     0x200000f8   Section      160  can.o(.bss)
    .bss                                     0x20000198   Section       36  can.o(.bss)
    .bss                                     0x200001bc   Section       40  can.o(.bss)
    .bss                                     0x200001e4   Section       40  can.o(.bss)
    .bss                                     0x2000020c   Section      240  tim.o(.bss)
    .bss                                     0x200002fc   Section      320  usart.o(.bss)
    .bss                                     0x2000043c   Section       72  adc.o(.bss)
    .bss                                     0x20000484   Section       88  spi.o(.bss)
    .bss                                     0x200004dc   Section       10  tcp.o(.bss)
    .bss                                     0x200004e8   Section      200  module_arm.o(.bss)
    .bss                                     0x200005b0   Section      108  track.o(.bss)
    .bss                                     0x2000061c   Section      104  digital_gray16.o(.bss)
    .bss                                     0x20000684   Section      126  laser.o(.bss)
    .bss                                     0x20000704   Section     1052  oled.o(.bss)
    OLED_GRAM                                0x20000713   Data        1024  oled.o(.bss)
    STACK                                    0x20000b20   Section     1024  startup_stm32f427xx.o(STACK)

    Global Symbols

    Symbol Name                              Value     Ov Type        Size  Object(Section)

    BuildAttributes$$THM_ISAv4$E$P$D$K$B$S$7EM$VFPi3$EXTD16$VFPS$VFMA$PE$A:L22UL41UL21$X:L11$S22US41US21$IEEE1$IW$USESV6$~STKCKD$USESV7$~SHL$OTIME$ROPI$IEEEX$EBA8$MICROLIB$REQ8$PRES8$EABIv2 0x00000000   Number         0  anon$$obj.o ABSOLUTE
    __ARM_use_no_argv                        0x00000000   Number         0  main.o ABSOLUTE
    __cpp_initialize__aeabi_                  - Undefined Weak Reference
    __cxa_finalize                            - Undefined Weak Reference
    __decompress                              - Undefined Weak Reference
    _clock_init                               - Undefined Weak Reference
    _microlib_exit                            - Undefined Weak Reference
    __Vectors_Size                           0x000001ac   Number         0  startup_stm32f427xx.o ABSOLUTE
    __Vectors                                0x08000000   Data           4  startup_stm32f427xx.o(RESET)
    __Vectors_End                            0x080001ac   Data           0  startup_stm32f427xx.o(RESET)
    __main                                   0x080001ad   Thumb Code     0  entry.o(.ARM.Collect$$$$00000000)
    _main_stk                                0x080001ad   Thumb Code     0  entry2.o(.ARM.Collect$$$$00000001)
    _main_scatterload                        0x080001b1   Thumb Code     0  entry5.o(.ARM.Collect$$$$00000004)
    __main_after_scatterload                 0x080001b5   Thumb Code     0  entry5.o(.ARM.Collect$$$$00000004)
    _main_clock                              0x080001b5   Thumb Code     0  entry7b.o(.ARM.Collect$$$$00000008)
    _main_cpp_init                           0x080001b5   Thumb Code     0  entry8b.o(.ARM.Collect$$$$0000000A)
    _main_init                               0x080001b5   Thumb Code     0  entry9a.o(.ARM.Collect$$$$0000000B)
    __rt_final_cpp                           0x080001bd   Thumb Code     0  entry10a.o(.ARM.Collect$$$$0000000D)
    __rt_final_exit                          0x080001bd   Thumb Code     0  entry11a.o(.ARM.Collect$$$$0000000F)
    Reset_Handler                            0x080001c1   Thumb Code     8  startup_stm32f427xx.o(.text)
    CAN1_SCE_IRQHandler                      0x080001db   Thumb Code     0  startup_stm32f427xx.o(.text)
    CAN1_TX_IRQHandler                       0x080001db   Thumb Code     0  startup_stm32f427xx.o(.text)
    CAN2_SCE_IRQHandler                      0x080001db   Thumb Code     0  startup_stm32f427xx.o(.text)
    CAN2_TX_IRQHandler                       0x080001db   Thumb Code     0  startup_stm32f427xx.o(.text)
    DCMI_IRQHandler                          0x080001db   Thumb Code     0  startup_stm32f427xx.o(.text)
    DMA1_Stream0_IRQHandler                  0x080001db   Thumb Code     0  startup_stm32f427xx.o(.text)
    DMA1_Stream1_IRQHandler                  0x080001db   Thumb Code     0  startup_stm32f427xx.o(.text)
    DMA1_Stream2_IRQHandler                  0x080001db   Thumb Code     0  startup_stm32f427xx.o(.text)
    DMA1_Stream3_IRQHandler                  0x080001db   Thumb Code     0  startup_stm32f427xx.o(.text)
    DMA1_Stream4_IRQHandler                  0x080001db   Thumb Code     0  startup_stm32f427xx.o(.text)
    DMA1_Stream5_IRQHandler                  0x080001db   Thumb Code     0  startup_stm32f427xx.o(.text)
    DMA1_Stream6_IRQHandler                  0x080001db   Thumb Code     0  startup_stm32f427xx.o(.text)
    DMA1_Stream7_IRQHandler                  0x080001db   Thumb Code     0  startup_stm32f427xx.o(.text)
    DMA2D_IRQHandler                         0x080001db   Thumb Code     0  startup_stm32f427xx.o(.text)
    DMA2_Stream0_IRQHandler                  0x080001db   Thumb Code     0  startup_stm32f427xx.o(.text)
    DMA2_Stream1_IRQHandler                  0x080001db   Thumb Code     0  startup_stm32f427xx.o(.text)
    DMA2_Stream2_IRQHandler                  0x080001db   Thumb Code     0  startup_stm32f427xx.o(.text)
    DMA2_Stream3_IRQHandler                  0x080001db   Thumb Code     0  startup_stm32f427xx.o(.text)
    DMA2_Stream4_IRQHandler                  0x080001db   Thumb Code     0  startup_stm32f427xx.o(.text)
    DMA2_Stream5_IRQHandler                  0x080001db   Thumb Code     0  startup_stm32f427xx.o(.text)
    DMA2_Stream6_IRQHandler                  0x080001db   Thumb Code     0  startup_stm32f427xx.o(.text)
    DMA2_Stream7_IRQHandler                  0x080001db   Thumb Code     0  startup_stm32f427xx.o(.text)
    ETH_IRQHandler                           0x080001db   Thumb Code     0  startup_stm32f427xx.o(.text)
    ETH_WKUP_IRQHandler                      0x080001db   Thumb Code     0  startup_stm32f427xx.o(.text)
    EXTI0_IRQHandler                         0x080001db   Thumb Code     0  startup_stm32f427xx.o(.text)
    EXTI15_10_IRQHandler                     0x080001db   Thumb Code     0  startup_stm32f427xx.o(.text)
    EXTI1_IRQHandler                         0x080001db   Thumb Code     0  startup_stm32f427xx.o(.text)
    EXTI2_IRQHandler                         0x080001db   Thumb Code     0  startup_stm32f427xx.o(.text)
    EXTI3_IRQHandler                         0x080001db   Thumb Code     0  startup_stm32f427xx.o(.text)
    EXTI4_IRQHandler                         0x080001db   Thumb Code     0  startup_stm32f427xx.o(.text)
    EXTI9_5_IRQHandler                       0x080001db   Thumb Code     0  startup_stm32f427xx.o(.text)
    FLASH_IRQHandler                         0x080001db   Thumb Code     0  startup_stm32f427xx.o(.text)
    FMC_IRQHandler                           0x080001db   Thumb Code     0  startup_stm32f427xx.o(.text)
    FPU_IRQHandler                           0x080001db   Thumb Code     0  startup_stm32f427xx.o(.text)
    HASH_RNG_IRQHandler                      0x080001db   Thumb Code     0  startup_stm32f427xx.o(.text)
    I2C1_ER_IRQHandler                       0x080001db   Thumb Code     0  startup_stm32f427xx.o(.text)
    I2C1_EV_IRQHandler                       0x080001db   Thumb Code     0  startup_stm32f427xx.o(.text)
    I2C2_ER_IRQHandler                       0x080001db   Thumb Code     0  startup_stm32f427xx.o(.text)
    I2C2_EV_IRQHandler                       0x080001db   Thumb Code     0  startup_stm32f427xx.o(.text)
    I2C3_ER_IRQHandler                       0x080001db   Thumb Code     0  startup_stm32f427xx.o(.text)
    I2C3_EV_IRQHandler                       0x080001db   Thumb Code     0  startup_stm32f427xx.o(.text)
    OTG_FS_IRQHandler                        0x080001db   Thumb Code     0  startup_stm32f427xx.o(.text)
    OTG_FS_WKUP_IRQHandler                   0x080001db   Thumb Code     0  startup_stm32f427xx.o(.text)
    OTG_HS_EP1_IN_IRQHandler                 0x080001db   Thumb Code     0  startup_stm32f427xx.o(.text)
    OTG_HS_EP1_OUT_IRQHandler                0x080001db   Thumb Code     0  startup_stm32f427xx.o(.text)
    OTG_HS_IRQHandler                        0x080001db   Thumb Code     0  startup_stm32f427xx.o(.text)
    OTG_HS_WKUP_IRQHandler                   0x080001db   Thumb Code     0  startup_stm32f427xx.o(.text)
    PVD_IRQHandler                           0x080001db   Thumb Code     0  startup_stm32f427xx.o(.text)
    RCC_IRQHandler                           0x080001db   Thumb Code     0  startup_stm32f427xx.o(.text)
    RTC_Alarm_IRQHandler                     0x080001db   Thumb Code     0  startup_stm32f427xx.o(.text)
    RTC_WKUP_IRQHandler                      0x080001db   Thumb Code     0  startup_stm32f427xx.o(.text)
    SAI1_IRQHandler                          0x080001db   Thumb Code     0  startup_stm32f427xx.o(.text)
    SDIO_IRQHandler                          0x080001db   Thumb Code     0  startup_stm32f427xx.o(.text)
    SPI2_IRQHandler                          0x080001db   Thumb Code     0  startup_stm32f427xx.o(.text)
    SPI3_IRQHandler                          0x080001db   Thumb Code     0  startup_stm32f427xx.o(.text)
    SPI4_IRQHandler                          0x080001db   Thumb Code     0  startup_stm32f427xx.o(.text)
    SPI5_IRQHandler                          0x080001db   Thumb Code     0  startup_stm32f427xx.o(.text)
    SPI6_IRQHandler                          0x080001db   Thumb Code     0  startup_stm32f427xx.o(.text)
    TAMP_STAMP_IRQHandler                    0x080001db   Thumb Code     0  startup_stm32f427xx.o(.text)
    TIM1_BRK_TIM9_IRQHandler                 0x080001db   Thumb Code     0  startup_stm32f427xx.o(.text)
    TIM1_CC_IRQHandler                       0x080001db   Thumb Code     0  startup_stm32f427xx.o(.text)
    TIM1_TRG_COM_TIM11_IRQHandler            0x080001db   Thumb Code     0  startup_stm32f427xx.o(.text)
    TIM1_UP_TIM10_IRQHandler                 0x080001db   Thumb Code     0  startup_stm32f427xx.o(.text)
    TIM5_IRQHandler                          0x080001db   Thumb Code     0  startup_stm32f427xx.o(.text)
    TIM6_DAC_IRQHandler                      0x080001db   Thumb Code     0  startup_stm32f427xx.o(.text)
    TIM7_IRQHandler                          0x080001db   Thumb Code     0  startup_stm32f427xx.o(.text)
    TIM8_BRK_TIM12_IRQHandler                0x080001db   Thumb Code     0  startup_stm32f427xx.o(.text)
    TIM8_TRG_COM_TIM14_IRQHandler            0x080001db   Thumb Code     0  startup_stm32f427xx.o(.text)
    TIM8_UP_TIM13_IRQHandler                 0x080001db   Thumb Code     0  startup_stm32f427xx.o(.text)
    UART4_IRQHandler                         0x080001db   Thumb Code     0  startup_stm32f427xx.o(.text)
    UART5_IRQHandler                         0x080001db   Thumb Code     0  startup_stm32f427xx.o(.text)
    USART1_IRQHandler                        0x080001db   Thumb Code     0  startup_stm32f427xx.o(.text)
    WWDG_IRQHandler                          0x080001db   Thumb Code     0  startup_stm32f427xx.o(.text)
    __aeabi_uldivmod                         0x080001e5   Thumb Code    98  uldiv.o(.text)
    __aeabi_memcpy                           0x08000247   Thumb Code    36  memcpya.o(.text)
    __aeabi_memcpy4                          0x08000247   Thumb Code     0  memcpya.o(.text)
    __aeabi_memcpy8                          0x08000247   Thumb Code     0  memcpya.o(.text)
    __aeabi_memset                           0x0800026b   Thumb Code    14  memseta.o(.text)
    __aeabi_memset4                          0x0800026b   Thumb Code     0  memseta.o(.text)
    __aeabi_memset8                          0x0800026b   Thumb Code     0  memseta.o(.text)
    __aeabi_memclr                           0x08000279   Thumb Code     4  memseta.o(.text)
    __aeabi_memclr4                          0x08000279   Thumb Code     0  memseta.o(.text)
    __aeabi_memclr8                          0x08000279   Thumb Code     0  memseta.o(.text)
    _memset$wrapper                          0x0800027d   Thumb Code    18  memseta.o(.text)
    strcpy                                   0x0800028f   Thumb Code    18  strcpy.o(.text)
    __aeabi_dadd                             0x080002a1   Thumb Code   322  dadd.o(.text)
    __aeabi_dsub                             0x080003e3   Thumb Code     6  dadd.o(.text)
    __aeabi_drsub                            0x080003e9   Thumb Code     6  dadd.o(.text)
    __aeabi_dmul                             0x080003ef   Thumb Code   228  dmul.o(.text)
    __aeabi_ddiv                             0x080004d3   Thumb Code   222  ddiv.o(.text)
    __aeabi_ui2d                             0x080005b1   Thumb Code    26  dfltui.o(.text)
    __aeabi_d2iz                             0x080005cb   Thumb Code    62  dfixi.o(.text)
    __aeabi_f2d                              0x08000609   Thumb Code    38  f2d.o(.text)
    __aeabi_cdcmpeq                          0x08000631   Thumb Code     0  cdcmple.o(.text)
    __aeabi_cdcmple                          0x08000631   Thumb Code    48  cdcmple.o(.text)
    __aeabi_d2f                              0x08000661   Thumb Code    56  d2f.o(.text)
    __aeabi_llsl                             0x08000699   Thumb Code    30  llshl.o(.text)
    _ll_shift_l                              0x08000699   Thumb Code     0  llshl.o(.text)
    __aeabi_llsr                             0x080006b7   Thumb Code    32  llushr.o(.text)
    _ll_ushift_r                             0x080006b7   Thumb Code     0  llushr.o(.text)
    __aeabi_lasr                             0x080006d7   Thumb Code    36  llsshr.o(.text)
    _ll_sshift_r                             0x080006d7   Thumb Code     0  llsshr.o(.text)
    __I$use$fp                               0x080006fb   Thumb Code     0  iusefp.o(.text)
    _float_round                             0x080006fb   Thumb Code    18  fepilogue.o(.text)
    _float_epilogue                          0x0800070d   Thumb Code    92  fepilogue.o(.text)
    _double_round                            0x08000769   Thumb Code    30  depilogue.o(.text)
    _double_epilogue                         0x08000787   Thumb Code   156  depilogue.o(.text)
    __scatterload                            0x08000825   Thumb Code    28  init.o(.text)
    __scatterload_rt2                        0x08000825   Thumb Code     0  init.o(.text)
    ADC_IRQHandler                           0x08000849   Thumb Code     6  stm32f4xx_it.o(i.ADC_IRQHandler)
    BusFault_Handler                         0x08000979   Thumb Code     2  stm32f4xx_it.o(i.BusFault_Handler)
    CAN1_RX0_IRQHandler                      0x0800097d   Thumb Code     6  stm32f4xx_it.o(i.CAN1_RX0_IRQHandler)
    CAN1_RX1_IRQHandler                      0x08000989   Thumb Code     6  stm32f4xx_it.o(i.CAN1_RX1_IRQHandler)
    CAN2_RX0_IRQHandler                      0x08000995   Thumb Code     6  stm32f4xx_it.o(i.CAN2_RX0_IRQHandler)
    CAN2_RX1_IRQHandler                      0x080009a1   Thumb Code     6  stm32f4xx_it.o(i.CAN2_RX1_IRQHandler)
    CRC_TEST                                 0x080009ad   Thumb Code    44  laser.o(i.CRC_TEST)
    DIGITAL_GRAY_ANALYSIS                    0x080009d9   Thumb Code    44  digital_gray16.o(i.DIGITAL_GRAY_ANALYSIS)
    DebugMon_Handler                         0x08000a09   Thumb Code     2  stm32f4xx_it.o(i.DebugMon_Handler)
    Duoji_Init                               0x08000a0b   Thumb Code    98  module_arm.o(i.Duoji_Init)
    Duoji_angle                              0x08000a6d   Thumb Code    72  module_arm.o(i.Duoji_angle)
    Error_Handler                            0x08000abd   Thumb Code     2  main.o(i.Error_Handler)
    GRAY_FUNC_DIR_UPDATE                     0x08000ac1   Thumb Code  1596  digital_gray16.o(i.GRAY_FUNC_DIR_UPDATE)
    GRAYx_FUNC_Linecount                     0x080010fd   Thumb Code    28  digital_gray16.o(i.GRAYx_FUNC_Linecount)
    GRAYx_FUNC_POS                           0x08001119   Thumb Code    62  digital_gray16.o(i.GRAYx_FUNC_POS)
    HAL_ADCEx_InjectedConvCpltCallback       0x0800115d   Thumb Code     2  stm32f4xx_hal_adc_ex.o(i.HAL_ADCEx_InjectedConvCpltCallback)
    HAL_ADC_ConfigChannel                    0x08001161   Thumb Code   318  stm32f4xx_hal_adc.o(i.HAL_ADC_ConfigChannel)
    HAL_ADC_ConvCpltCallback                 0x080012b5   Thumb Code     2  stm32f4xx_hal_adc.o(i.HAL_ADC_ConvCpltCallback)
    HAL_ADC_ErrorCallback                    0x080012b7   Thumb Code     2  stm32f4xx_hal_adc.o(i.HAL_ADC_ErrorCallback)
    HAL_ADC_IRQHandler                       0x080012b9   Thumb Code   316  stm32f4xx_hal_adc.o(i.HAL_ADC_IRQHandler)
    HAL_ADC_Init                             0x080013f5   Thumb Code    84  stm32f4xx_hal_adc.o(i.HAL_ADC_Init)
    HAL_ADC_LevelOutOfWindowCallback         0x08001449   Thumb Code     2  stm32f4xx_hal_adc.o(i.HAL_ADC_LevelOutOfWindowCallback)
    HAL_ADC_MspInit                          0x0800144d   Thumb Code   100  adc.o(i.HAL_ADC_MspInit)
    HAL_CAN_ActivateNotification             0x080014bd   Thumb Code    40  stm32f4xx_hal_can.o(i.HAL_CAN_ActivateNotification)
    HAL_CAN_AddTxMessage                     0x080014e5   Thumb Code   200  stm32f4xx_hal_can.o(i.HAL_CAN_AddTxMessage)
    HAL_CAN_ConfigFilter                     0x080015ad   Thumb Code   262  stm32f4xx_hal_can.o(i.HAL_CAN_ConfigFilter)
    HAL_CAN_ErrorCallback                    0x080016b9   Thumb Code     2  stm32f4xx_hal_can.o(i.HAL_CAN_ErrorCallback)
    HAL_CAN_GetRxMessage                     0x080016bb   Thumb Code   250  stm32f4xx_hal_can.o(i.HAL_CAN_GetRxMessage)
    HAL_CAN_IRQHandler                       0x080017b5   Thumb Code   508  stm32f4xx_hal_can.o(i.HAL_CAN_IRQHandler)
    HAL_CAN_Init                             0x080019b1   Thumb Code   282  stm32f4xx_hal_can.o(i.HAL_CAN_Init)
    HAL_CAN_MspInit                          0x08001acd   Thumb Code   260  can.o(i.HAL_CAN_MspInit)
    HAL_CAN_RxFifo0FullCallback              0x08001be9   Thumb Code     2  stm32f4xx_hal_can.o(i.HAL_CAN_RxFifo0FullCallback)
    HAL_CAN_RxFifo0MsgPendingCallback        0x08001bed   Thumb Code   184  callback.o(i.HAL_CAN_RxFifo0MsgPendingCallback)
    HAL_CAN_RxFifo1FullCallback              0x08001cc5   Thumb Code     2  stm32f4xx_hal_can.o(i.HAL_CAN_RxFifo1FullCallback)
    HAL_CAN_RxFifo1MsgPendingCallback        0x08001cc7   Thumb Code     2  stm32f4xx_hal_can.o(i.HAL_CAN_RxFifo1MsgPendingCallback)
    HAL_CAN_SleepCallback                    0x08001cc9   Thumb Code     2  stm32f4xx_hal_can.o(i.HAL_CAN_SleepCallback)
    HAL_CAN_Start                            0x08001ccd   Thumb Code    88  stm32f4xx_hal_can.o(i.HAL_CAN_Start)
    HAL_CAN_TxMailbox0AbortCallback          0x08001d25   Thumb Code     2  stm32f4xx_hal_can.o(i.HAL_CAN_TxMailbox0AbortCallback)
    HAL_CAN_TxMailbox0CompleteCallback       0x08001d27   Thumb Code     2  stm32f4xx_hal_can.o(i.HAL_CAN_TxMailbox0CompleteCallback)
    HAL_CAN_TxMailbox1AbortCallback          0x08001d29   Thumb Code     2  stm32f4xx_hal_can.o(i.HAL_CAN_TxMailbox1AbortCallback)
    HAL_CAN_TxMailbox1CompleteCallback       0x08001d2b   Thumb Code     2  stm32f4xx_hal_can.o(i.HAL_CAN_TxMailbox1CompleteCallback)
    HAL_CAN_TxMailbox2AbortCallback          0x08001d2d   Thumb Code     2  stm32f4xx_hal_can.o(i.HAL_CAN_TxMailbox2AbortCallback)
    HAL_CAN_TxMailbox2CompleteCallback       0x08001d2f   Thumb Code     2  stm32f4xx_hal_can.o(i.HAL_CAN_TxMailbox2CompleteCallback)
    HAL_CAN_WakeUpFromRxMsgCallback          0x08001d31   Thumb Code     2  stm32f4xx_hal_can.o(i.HAL_CAN_WakeUpFromRxMsgCallback)
    HAL_DMA_Abort_IT                         0x08001d33   Thumb Code    36  stm32f4xx_hal_dma.o(i.HAL_DMA_Abort_IT)
    HAL_Delay                                0x08001d59   Thumb Code    32  stm32f4xx_hal.o(i.HAL_Delay)
    HAL_GPIO_Init                            0x08001d7d   Thumb Code   408  stm32f4xx_hal_gpio.o(i.HAL_GPIO_Init)
    HAL_GPIO_WritePin                        0x08001f49   Thumb Code    10  stm32f4xx_hal_gpio.o(i.HAL_GPIO_WritePin)
    HAL_GetTick                              0x08001f55   Thumb Code     6  stm32f4xx_hal.o(i.HAL_GetTick)
    HAL_IncTick                              0x08001f61   Thumb Code    12  stm32f4xx_hal.o(i.HAL_IncTick)
    HAL_Init                                 0x08001f71   Thumb Code    48  stm32f4xx_hal.o(i.HAL_Init)
    HAL_InitTick                             0x08001fa5   Thumb Code    54  stm32f4xx_hal.o(i.HAL_InitTick)
    HAL_MspInit                              0x08001fe5   Thumb Code    42  stm32f4xx_hal_msp.o(i.HAL_MspInit)
    HAL_NVIC_EnableIRQ                       0x08002015   Thumb Code    22  stm32f4xx_hal_cortex.o(i.HAL_NVIC_EnableIRQ)
    HAL_NVIC_SetPriority                     0x0800202d   Thumb Code    60  stm32f4xx_hal_cortex.o(i.HAL_NVIC_SetPriority)
    HAL_NVIC_SetPriorityGrouping             0x0800206d   Thumb Code    26  stm32f4xx_hal_cortex.o(i.HAL_NVIC_SetPriorityGrouping)
    HAL_RCC_ClockConfig                      0x08002091   Thumb Code   286  stm32f4xx_hal_rcc.o(i.HAL_RCC_ClockConfig)
    HAL_RCC_GetPCLK1Freq                     0x080021c1   Thumb Code    20  stm32f4xx_hal_rcc.o(i.HAL_RCC_GetPCLK1Freq)
    HAL_RCC_GetPCLK2Freq                     0x080021e1   Thumb Code    20  stm32f4xx_hal_rcc.o(i.HAL_RCC_GetPCLK2Freq)
    HAL_RCC_GetSysClockFreq                  0x08002201   Thumb Code    88  stm32f4xx_hal_rcc.o(i.HAL_RCC_GetSysClockFreq)
    HAL_RCC_OscConfig                        0x08002265   Thumb Code   770  stm32f4xx_hal_rcc.o(i.HAL_RCC_OscConfig)
    HAL_SPI_ErrorCallback                    0x08002581   Thumb Code     2  stm32f4xx_hal_spi.o(i.HAL_SPI_ErrorCallback)
    HAL_SPI_IRQHandler                       0x08002585   Thumb Code   208  stm32f4xx_hal_spi.o(i.HAL_SPI_IRQHandler)
    HAL_SPI_Init                             0x08002659   Thumb Code   128  stm32f4xx_hal_spi.o(i.HAL_SPI_Init)
    HAL_SPI_MspInit                          0x080026d9   Thumb Code   144  spi.o(i.HAL_SPI_MspInit)
    HAL_SPI_Transmit                         0x08002779   Thumb Code   360  stm32f4xx_hal_spi.o(i.HAL_SPI_Transmit)
    HAL_SYSTICK_Config                       0x080028e1   Thumb Code    40  stm32f4xx_hal_cortex.o(i.HAL_SYSTICK_Config)
    HAL_TIMEx_BreakCallback                  0x08002909   Thumb Code     2  stm32f4xx_hal_tim_ex.o(i.HAL_TIMEx_BreakCallback)
    HAL_TIMEx_CommutationCallback            0x0800290b   Thumb Code     2  stm32f4xx_hal_tim_ex.o(i.HAL_TIMEx_CommutationCallback)
    HAL_TIMEx_ConfigBreakDeadTime            0x0800290d   Thumb Code    90  stm32f4xx_hal_tim_ex.o(i.HAL_TIMEx_ConfigBreakDeadTime)
    HAL_TIMEx_MasterConfigSynchronization    0x08002967   Thumb Code    80  stm32f4xx_hal_tim_ex.o(i.HAL_TIMEx_MasterConfigSynchronization)
    HAL_TIM_Base_Init                        0x080029b7   Thumb Code    54  stm32f4xx_hal_tim.o(i.HAL_TIM_Base_Init)
    HAL_TIM_Base_MspInit                     0x080029ed   Thumb Code   162  tim.o(i.HAL_TIM_Base_MspInit)
    HAL_TIM_Base_Start_IT                    0x08002aa1   Thumb Code    24  stm32f4xx_hal_tim.o(i.HAL_TIM_Base_Start_IT)
    HAL_TIM_ConfigClockSource                0x08002ab9   Thumb Code   242  stm32f4xx_hal_tim.o(i.HAL_TIM_ConfigClockSource)
    HAL_TIM_IC_CaptureCallback               0x08002bab   Thumb Code     2  stm32f4xx_hal_tim.o(i.HAL_TIM_IC_CaptureCallback)
    HAL_TIM_IRQHandler                       0x08002bad   Thumb Code   358  stm32f4xx_hal_tim.o(i.HAL_TIM_IRQHandler)
    HAL_TIM_MspPostInit                      0x08002d15   Thumb Code    70  tim.o(i.HAL_TIM_MspPostInit)
    HAL_TIM_OC_ConfigChannel                 0x08002d69   Thumb Code    86  stm32f4xx_hal_tim.o(i.HAL_TIM_OC_ConfigChannel)
    HAL_TIM_OC_DelayElapsedCallback          0x08002dbf   Thumb Code     2  callback.o(i.HAL_TIM_OC_DelayElapsedCallback)
    HAL_TIM_OC_Init                          0x08002dc1   Thumb Code    54  stm32f4xx_hal_tim.o(i.HAL_TIM_OC_Init)
    HAL_TIM_OC_MspInit                       0x08002df7   Thumb Code     2  stm32f4xx_hal_tim.o(i.HAL_TIM_OC_MspInit)
    HAL_TIM_OC_Start_IT                      0x08002df9   Thumb Code    98  stm32f4xx_hal_tim.o(i.HAL_TIM_OC_Start_IT)
    HAL_TIM_PWM_ConfigChannel                0x08002e65   Thumb Code   208  stm32f4xx_hal_tim.o(i.HAL_TIM_PWM_ConfigChannel)
    HAL_TIM_PWM_Init                         0x08002f35   Thumb Code    54  stm32f4xx_hal_tim.o(i.HAL_TIM_PWM_Init)
    HAL_TIM_PWM_MspInit                      0x08002f6b   Thumb Code     2  stm32f4xx_hal_tim.o(i.HAL_TIM_PWM_MspInit)
    HAL_TIM_PWM_PulseFinishedCallback        0x08002f6d   Thumb Code    56  callback.o(i.HAL_TIM_PWM_PulseFinishedCallback)
    HAL_TIM_PWM_Start                        0x08002fad   Thumb Code    48  stm32f4xx_hal_tim.o(i.HAL_TIM_PWM_Start)
    HAL_TIM_PWM_Stop                         0x08002fe5   Thumb Code    84  stm32f4xx_hal_tim.o(i.HAL_TIM_PWM_Stop)
    HAL_TIM_PeriodElapsedCallback            0x08003041   Thumb Code   352  callback.o(i.HAL_TIM_PeriodElapsedCallback)
    HAL_TIM_TriggerCallback                  0x080031c1   Thumb Code     2  stm32f4xx_hal_tim.o(i.HAL_TIM_TriggerCallback)
    HAL_UART_ErrorCallback                   0x080031c5   Thumb Code   110  callback.o(i.HAL_UART_ErrorCallback)
    HAL_UART_IRQHandler                      0x08003261   Thumb Code   266  stm32f4xx_hal_uart.o(i.HAL_UART_IRQHandler)
    HAL_UART_Init                            0x08003371   Thumb Code    98  stm32f4xx_hal_uart.o(i.HAL_UART_Init)
    HAL_UART_MspInit                         0x080033d5   Thumb Code   400  usart.o(i.HAL_UART_MspInit)
    HAL_UART_Receive_IT                      0x08003589   Thumb Code    72  stm32f4xx_hal_uart.o(i.HAL_UART_Receive_IT)
    HAL_UART_RxCpltCallback                  0x080035d1   Thumb Code   156  callback.o(i.HAL_UART_RxCpltCallback)
    HAL_UART_Transmit                        0x08003691   Thumb Code   186  stm32f4xx_hal_uart.o(i.HAL_UART_Transmit)
    HAL_UART_TxCpltCallback                  0x0800374b   Thumb Code     2  stm32f4xx_hal_uart.o(i.HAL_UART_TxCpltCallback)
    HardFault_Handler                        0x0800374d   Thumb Code     2  stm32f4xx_it.o(i.HardFault_Handler)
    LASER_BARRIER_UPDATE                     0x0800374f   Thumb Code     2  laser.o(i.LASER_BARRIER_UPDATE)
    LASER_TX_UPDATE                          0x08003751   Thumb Code    94  laser.o(i.LASER_TX_UPDATE)
    LED                                      0x080037bd   Thumb Code    38  led.o(i.LED)
    MX_ADC1_Init                             0x080037ed   Thumb Code    84  adc.o(i.MX_ADC1_Init)
    MX_CAN1_Init                             0x0800384d   Thumb Code   128  can.o(i.MX_CAN1_Init)
    MX_CAN2_Init                             0x080038d5   Thumb Code   128  can.o(i.MX_CAN2_Init)
    MX_GPIO_Init                             0x0800395d   Thumb Code   384  gpio.o(i.MX_GPIO_Init)
    MX_SPI1_Init                             0x08003af5   Thumb Code    62  spi.o(i.MX_SPI1_Init)
    MX_TIM2_Init                             0x08003b3d   Thumb Code    96  tim.o(i.MX_TIM2_Init)
    MX_TIM3_Init                             0x08003ba1   Thumb Code    94  tim.o(i.MX_TIM3_Init)
    MX_TIM4_Init                             0x08003c09   Thumb Code    94  tim.o(i.MX_TIM4_Init)
    MX_TIM8_Init                             0x08003c71   Thumb Code   228  tim.o(i.MX_TIM8_Init)
    MX_UART7_Init                            0x08003d5d   Thumb Code    64  usart.o(i.MX_UART7_Init)
    MX_UART8_Init                            0x08003da9   Thumb Code    48  usart.o(i.MX_UART8_Init)
    MX_USART2_UART_Init                      0x08003de1   Thumb Code    48  usart.o(i.MX_USART2_UART_Init)
    MX_USART3_UART_Init                      0x08003e19   Thumb Code    48  usart.o(i.MX_USART3_UART_Init)
    MX_USART6_UART_Init                      0x08003e51   Thumb Code    48  usart.o(i.MX_USART6_UART_Init)
    MemManage_Handler                        0x08003e89   Thumb Code     2  stm32f4xx_it.o(i.MemManage_Handler)
    NMI_Handler                              0x08003e8b   Thumb Code     2  stm32f4xx_it.o(i.NMI_Handler)
    OLED_TRACK_CAR                           0x08003ead   Thumb Code   318  oled.o(i.OLED_TRACK_CAR)
    OpenmvInit                               0x080040b1   Thumb Code    20  openmv.o(i.OpenmvInit)
    OpenmvRevDataHandler                     0x080040cd   Thumb Code   176  openmv.o(i.OpenmvRevDataHandler)
    OpenmvRevDatasHandler                    0x08004181   Thumb Code    28  openmv.o(i.OpenmvRevDatasHandler)
    OpenmvScanBallStartStop                  0x080041a1   Thumb Code    18  openmv.o(i.OpenmvScanBallStartStop)
    OpenmvThresholdMeasure                   0x080041bd   Thumb Code    18  openmv.o(i.OpenmvThresholdMeasure)
    PRECISE_ADJUST_OK                        0x080041d9   Thumb Code    16  track.o(i.PRECISE_ADJUST_OK)
    P_ADJUST                                 0x080041ed   Thumb Code    38  track.o(i.P_ADJUST)
    PendSV_Handler                           0x08004219   Thumb Code     2  stm32f4xx_it.o(i.PendSV_Handler)
    PlatformControl                          0x0800421d   Thumb Code    80  module_arm.o(i.PlatformControl)
    Platform_Init                            0x08004279   Thumb Code    42  module_arm.o(i.Platform_Init)
    SILENCE_ADJUST_OK                        0x080042ad   Thumb Code    16  track.o(i.SILENCE_ADJUST_OK)
    SPI1_IRQHandler                          0x080042c1   Thumb Code     6  stm32f4xx_it.o(i.SPI1_IRQHandler)
    SVC_Handler                              0x08004393   Thumb Code     2  stm32f4xx_it.o(i.SVC_Handler)
    S_ADJUST                                 0x08004395   Thumb Code    38  track.o(i.S_ADJUST)
    SysTick_Handler                          0x080043c1   Thumb Code     4  stm32f4xx_it.o(i.SysTick_Handler)
    SystemClock_Config                       0x080043c5   Thumb Code   124  main.o(i.SystemClock_Config)
    SystemInit                               0x08004449   Thumb Code    66  system_stm32f4xx.o(i.SystemInit)
    TCPRevDataHandler                        0x0800449d   Thumb Code   174  tcp.o(i.TCPRevDataHandler)
    TCPRevDatasHandler                       0x08004555   Thumb Code   110  tcp.o(i.TCPRevDatasHandler)
    TIM2_IRQHandler                          0x080045d1   Thumb Code     6  stm32f4xx_it.o(i.TIM2_IRQHandler)
    TIM3_IRQHandler                          0x080045dd   Thumb Code     6  stm32f4xx_it.o(i.TIM3_IRQHandler)
    TIM4_IRQHandler                          0x080045e9   Thumb Code     6  stm32f4xx_it.o(i.TIM4_IRQHandler)
    TIM8_CC_IRQHandler                       0x080045f5   Thumb Code     6  stm32f4xx_it.o(i.TIM8_CC_IRQHandler)
    TIM_Base_SetConfig                       0x08004601   Thumb Code   148  stm32f4xx_hal_tim.o(i.TIM_Base_SetConfig)
    TIM_CCxChannelCmd                        0x080046c1   Thumb Code    22  stm32f4xx_hal_tim.o(i.TIM_CCxChannelCmd)
    TIM_OC2_SetConfig                        0x08004755   Thumb Code    90  stm32f4xx_hal_tim.o(i.TIM_OC2_SetConfig)
    TRACK_CAR_CTOL                           0x080048b1   Thumb Code    26  track.o(i.TRACK_CAR_CTOL)
    TRACK_COR_GO                             0x080048d1   Thumb Code   122  track.o(i.TRACK_COR_GO)
    TRACK_COR_UPDATE                         0x08004951   Thumb Code   364  track.o(i.TRACK_COR_UPDATE)
    TRACK_DIR_GO                             0x08004ac5   Thumb Code   510  track.o(i.TRACK_DIR_GO)
    TRACK_DIR_UPDATE                         0x08004cc9   Thumb Code   114  track.o(i.TRACK_DIR_UPDATE)
    TRACK_GO_STEP                            0x08004d41   Thumb Code    58  track.o(i.TRACK_GO_STEP)
    TRACK_INIT                               0x08004d89   Thumb Code    26  track.o(i.TRACK_INIT)
    TRACK_INSTRUCTION_TX                     0x08004da9   Thumb Code    66  track.o(i.TRACK_INSTRUCTION_TX)
    TRACK_MODULE                             0x08004df9   Thumb Code    46  track.o(i.TRACK_MODULE)
    TRACK_MODULE_BLUE_BY                     0x08004e2d   Thumb Code  3696  track.o(i.TRACK_MODULE_BLUE_BY)
    TRACK_MODULE_BLUE_BYB                    0x08005ca1   Thumb Code  3310  track.o(i.TRACK_MODULE_BLUE_BYB)
    TRACK_MODULE_BLUE_YB                     0x0800699d   Thumb Code  3840  track.o(i.TRACK_MODULE_BLUE_YB)
    TRACK_MODULE_RED_RY                      0x080078a5   Thumb Code  3420  track.o(i.TRACK_MODULE_RED_RY)
    TRACK_MODULE_RED_RYR                     0x08008609   Thumb Code  3008  track.o(i.TRACK_MODULE_RED_RYR)
    TRACK_MODULE_RED_YR                      0x080091d9   Thumb Code  3434  track.o(i.TRACK_MODULE_RED_YR)
    TRACK_POS_ADJUST                         0x08009f51   Thumb Code  1952  track.o(i.TRACK_POS_ADJUST)
    TRACK_POS_GO                             0x0800a701   Thumb Code   112  track.o(i.TRACK_POS_GO)
    TRACK_POS_UPDATE                         0x0800a775   Thumb Code   294  track.o(i.TRACK_POS_UPDATE)
    TRACK_TURN_ANGLE                         0x0800a8b5   Thumb Code    52  track.o(i.TRACK_TURN_ANGLE)
    UART7_IRQHandler                         0x0800a8f5   Thumb Code     6  stm32f4xx_it.o(i.UART7_IRQHandler)
    UART8_IRQHandler                         0x0800a901   Thumb Code     6  stm32f4xx_it.o(i.UART8_IRQHandler)
    USART2_IRQHandler                        0x0800ad39   Thumb Code     6  stm32f4xx_it.o(i.USART2_IRQHandler)
    USART3_IRQHandler                        0x0800ad45   Thumb Code     6  stm32f4xx_it.o(i.USART3_IRQHandler)
    USART6_IRQHandler                        0x0800ad51   Thumb Code     6  stm32f4xx_it.o(i.USART6_IRQHandler)
    UsageFault_Handler                       0x0800ad5d   Thumb Code     2  stm32f4xx_it.o(i.UsageFault_Handler)
    __ARM_fpclassify                         0x0800ad5f   Thumb Code    48  fpclassify.o(i.__ARM_fpclassify)
    __hardfp_atan                            0x0800ad91   Thumb Code   622  atan.o(i.__hardfp_atan)
    __kernel_poly                            0x0800b069   Thumb Code   248  poly.o(i.__kernel_poly)
    __mathlib_dbl_infnan                     0x0800b161   Thumb Code    20  dunder.o(i.__mathlib_dbl_infnan)
    __mathlib_dbl_underflow                  0x0800b179   Thumb Code    24  dunder.o(i.__mathlib_dbl_underflow)
    __scatterload_copy                       0x0800b199   Thumb Code    14  handlers.o(i.__scatterload_copy)
    __scatterload_null                       0x0800b1a7   Thumb Code     2  handlers.o(i.__scatterload_null)
    __scatterload_zeroinit                   0x0800b1a9   Thumb Code    14  handlers.o(i.__scatterload_zeroinit)
    fabs                                     0x0800b1b7   Thumb Code    24  fabs.o(i.fabs)
    finish_fetch                             0x0800b1d1   Thumb Code   638  module_arm.o(i.finish_fetch)
    main                                     0x0800b4a9   Thumb Code   158  main.o(i.main)
    oled_clear                               0x0800b561   Thumb Code    60  oled.o(i.oled_clear)
    oled_drawpoint                           0x0800b5a1   Thumb Code    66  oled.o(i.oled_drawpoint)
    oled_init                                0x0800b5e9   Thumb Code   286  oled.o(i.oled_init)
    oled_refresh_gram                        0x0800b70d   Thumb Code    46  oled.o(i.oled_refresh_gram)
    oled_showchar                            0x0800b76d   Thumb Code   116  oled.o(i.oled_showchar)
    oled_shownum                             0x0800b7e5   Thumb Code   114  oled.o(i.oled_shownum)
    oled_showstring                          0x0800b857   Thumb Code    46  oled.o(i.oled_showstring)
    oled_write_byte                          0x0800b885   Thumb Code    36  oled.o(i.oled_write_byte)
    pwm_setvalue                             0x0800b8b1   Thumb Code    38  tim.o(i.pwm_setvalue)
    waiting_fetch_ball                       0x0800b8dd   Thumb Code   142  module_arm.o(i.waiting_fetch_ball)
    waiting_fetch_cube                       0x0800b96b   Thumb Code   156  module_arm.o(i.waiting_fetch_cube)
    AHBPrescTable                            0x0800ba06   Data          16  system_stm32f4xx.o(.constdata)
    APBPrescTable                            0x0800ba16   Data           8  system_stm32f4xx.o(.constdata)
    asc2_1206                                0x0800ba1e   Data        1140  oled.o(.constdata)
    LOGO_BMP                                 0x0800be92   Data        1024  oled.o(.constdata)
    Region$$Table$$Base                      0x0800c330   Number         0  anon$$obj.o(Region$$Table)
    Region$$Table$$Limit                     0x0800c350   Number         0  anon$$obj.o(Region$$Table)
    can_tx                                   0x20000004   Data           8  can.o(.data)
    task_delay                               0x2000000c   Data           6  tim.o(.data)
    uwTickFreq                               0x20000014   Data           1  stm32f4xx_hal.o(.data)
    uwTickPrio                               0x20000018   Data           4  stm32f4xx_hal.o(.data)
    uwTick                                   0x2000001c   Data           4  stm32f4xx_hal.o(.data)
    SystemCoreClock                          0x20000020   Data           4  system_stm32f4xx.o(.data)
    HeartBeat                                0x20000024   Data           1  callback.o(.data)
    armflag1                                 0x20000025   Data           1  callback.o(.data)
    LASER_RX                                 0x20000027   Data           1  callback.o(.data)
    PWMcount1                                0x20000028   Data           2  callback.o(.data)
    PWMcount2                                0x2000002a   Data           2  callback.o(.data)
    TaskCnt_20ms                             0x2000002c   Data           2  callback.o(.data)
    TaskCnt_1s                               0x2000002e   Data           2  callback.o(.data)
    armflag2                                 0x20000030   Data           2  callback.o(.data)
    adjustflag                               0x20000032   Data           2  callback.o(.data)
    T4_sensor_update                         0x20000034   Data           3  callback.o(.data)
    T2_delay                                 0x20000038   Data           4  callback.o(.data)
    T3_module_update                         0x2000003c   Data           6  callback.o(.data)
    LASER_RX_TRUE                            0x20000042   Data           7  callback.o(.data)
    LASER_TX                                 0x20000049   Data           8  callback.o(.data)
    tcp_rev_sta                              0x20000051   Data           1  tcp.o(.data)
    tcp_rev_buf                              0x20000055   Data           1  tcp.o(.data)
    ESP8266_RST                              0x20000056   Data           8  tcp.o(.data)
    ESP8266_SEND_SETTING                     0x2000005e   Data          17  tcp.o(.data)
    ESP8266_CIPMUX_SELECT                    0x2000006f   Data          13  tcp.o(.data)
    ESP8266_SERVER_START                     0x2000007c   Data          21  tcp.o(.data)
    openmv_revi                              0x20000091   Data           1  module_arm.o(.data)
    Servotx                                  0x20000092   Data          10  module_arm.o(.data)
    POS_GRAY_COUNT                           0x2000009e   Data           8  track.o(.data)
    ledflag                                  0x200000c0   Data           1  led.o(.data)
    openmv_rev_sta                           0x200000e8   Data           1  openmv.o(.data)
    openmv_rev_buf                           0x200000ec   Data           1  openmv.o(.data)
    openmv_send_buf                          0x200000ed   Data           4  openmv.o(.data)
    openmv_rev_datas                         0x200000f1   Data           6  openmv.o(.data)
    hcan1_FilerConf                          0x200000f8   Data          40  can.o(.bss)
    hcan2_FilerConf                          0x20000120   Data          40  can.o(.bss)
    hcan1                                    0x20000148   Data          40  can.o(.bss)
    hcan2                                    0x20000170   Data          40  can.o(.bss)
    CAN1_TXMSG                               0x20000198   Data          36  can.o(.bss)
    CAN1_RXMSG                               0x200001bc   Data          40  can.o(.bss)
    CAN2_RXMSG                               0x200001e4   Data          40  can.o(.bss)
    htim2                                    0x2000020c   Data          60  tim.o(.bss)
    htim3                                    0x20000248   Data          60  tim.o(.bss)
    htim4                                    0x20000284   Data          60  tim.o(.bss)
    htim8                                    0x200002c0   Data          60  tim.o(.bss)
    huart7                                   0x200002fc   Data          64  usart.o(.bss)
    huart8                                   0x2000033c   Data          64  usart.o(.bss)
    huart2                                   0x2000037c   Data          64  usart.o(.bss)
    huart3                                   0x200003bc   Data          64  usart.o(.bss)
    huart6                                   0x200003fc   Data          64  usart.o(.bss)
    hadc1                                    0x2000043c   Data          72  adc.o(.bss)
    hspi1                                    0x20000484   Data          88  spi.o(.bss)
    tcp_rev_datas                            0x200004dc   Data          10  tcp.o(.bss)
    arm                                      0x200004e8   Data         200  module_arm.o(.bss)
    CAR                                      0x200005b0   Data          60  track.o(.bss)
    TRACK                                    0x200005ec   Data          48  track.o(.bss)
    DIGITAL16_GRAY_1                         0x2000061c   Data          22  digital_gray16.o(.bss)
    DIGITAL16_GRAY_2                         0x20000632   Data          22  digital_gray16.o(.bss)
    DIGITAL16_GRAY_3                         0x20000648   Data          22  digital_gray16.o(.bss)
    DIGITAL16_GRAY_4                         0x2000065e   Data          22  digital_gray16.o(.bss)
    GRAY_DIR                                 0x20000674   Data          16  digital_gray16.o(.bss)
    LASER                                    0x20000684   Data         126  laser.o(.bss)
    buff                                     0x20000704   Data          15  oled.o(.bss)
    OlED_Key                                 0x20000b14   Data          12  oled.o(.bss)
    __initial_sp                             0x20000f20   Data           0  startup_stm32f427xx.o(STACK)



==============================================================================

Memory Map of the image

  Image Entry point : 0x080001ad

  Load Region LR_IROM1 (Base: 0x08000000, Size: 0x0000c448, Max: 0x00200000, ABSOLUTE)

    Execution Region ER_IROM1 (Base: 0x08000000, Size: 0x0000c350, Max: 0x00200000, ABSOLUTE)

    Base Addr    Size         Type   Attr      Idx    E Section Name        Object

    0x08000000   0x000001ac   Data   RO            3    RESET               startup_stm32f427xx.o
    0x080001ac   0x00000000   Code   RO         4912  * .ARM.Collect$$$$00000000  mc_w.l(entry.o)
    0x080001ac   0x00000004   Code   RO         5007    .ARM.Collect$$$$00000001  mc_w.l(entry2.o)
    0x080001b0   0x00000004   Code   RO         5010    .ARM.Collect$$$$00000004  mc_w.l(entry5.o)
    0x080001b4   0x00000000   Code   RO         5012    .ARM.Collect$$$$00000008  mc_w.l(entry7b.o)
    0x080001b4   0x00000000   Code   RO         5014    .ARM.Collect$$$$0000000A  mc_w.l(entry8b.o)
    0x080001b4   0x00000008   Code   RO         5015    .ARM.Collect$$$$0000000B  mc_w.l(entry9a.o)
    0x080001bc   0x00000000   Code   RO         5017    .ARM.Collect$$$$0000000D  mc_w.l(entry10a.o)
    0x080001bc   0x00000000   Code   RO         5019    .ARM.Collect$$$$0000000F  mc_w.l(entry11a.o)
    0x080001bc   0x00000004   Code   RO         5008    .ARM.Collect$$$$00002712  mc_w.l(entry2.o)
    0x080001c0   0x00000024   Code   RO            4    .text               startup_stm32f427xx.o
    0x080001e4   0x00000062   Code   RO         4915    .text               mc_w.l(uldiv.o)
    0x08000246   0x00000024   Code   RO         4917    .text               mc_w.l(memcpya.o)
    0x0800026a   0x00000024   Code   RO         4919    .text               mc_w.l(memseta.o)
    0x0800028e   0x00000012   Code   RO         4921    .text               mc_w.l(strcpy.o)
    0x080002a0   0x0000014e   Code   RO         4953    .text               mf_w.l(dadd.o)
    0x080003ee   0x000000e4   Code   RO         4955    .text               mf_w.l(dmul.o)
    0x080004d2   0x000000de   Code   RO         4957    .text               mf_w.l(ddiv.o)
    0x080005b0   0x0000001a   Code   RO         4963    .text               mf_w.l(dfltui.o)
    0x080005ca   0x0000003e   Code   RO         4965    .text               mf_w.l(dfixi.o)
    0x08000608   0x00000026   Code   RO         4967    .text               mf_w.l(f2d.o)
    0x0800062e   0x00000002   PAD
    0x08000630   0x00000030   Code   RO         4969    .text               mf_w.l(cdcmple.o)
    0x08000660   0x00000038   Code   RO         4973    .text               mf_w.l(d2f.o)
    0x08000698   0x0000001e   Code   RO         5024    .text               mc_w.l(llshl.o)
    0x080006b6   0x00000020   Code   RO         5026    .text               mc_w.l(llushr.o)
    0x080006d6   0x00000024   Code   RO         5028    .text               mc_w.l(llsshr.o)
    0x080006fa   0x00000000   Code   RO         5037    .text               mc_w.l(iusefp.o)
    0x080006fa   0x0000006e   Code   RO         5038    .text               mf_w.l(fepilogue.o)
    0x08000768   0x000000ba   Code   RO         5040    .text               mf_w.l(depilogue.o)
    0x08000822   0x00000002   PAD
    0x08000824   0x00000024   Code   RO         5046    .text               mc_w.l(init.o)
    0x08000848   0x0000000c   Code   RO          484    i.ADC_IRQHandler    stm32f4xx_it.o
    0x08000854   0x00000124   Code   RO         3318    i.ADC_Init          stm32f4xx_hal_adc.o
    0x08000978   0x00000002   Code   RO          485    i.BusFault_Handler  stm32f4xx_it.o
    0x0800097a   0x00000002   PAD
    0x0800097c   0x0000000c   Code   RO          486    i.CAN1_RX0_IRQHandler  stm32f4xx_it.o
    0x08000988   0x0000000c   Code   RO          487    i.CAN1_RX1_IRQHandler  stm32f4xx_it.o
    0x08000994   0x0000000c   Code   RO          488    i.CAN2_RX0_IRQHandler  stm32f4xx_it.o
    0x080009a0   0x0000000c   Code   RO          489    i.CAN2_RX1_IRQHandler  stm32f4xx_it.o
    0x080009ac   0x0000002c   Code   RO         4498    i.CRC_TEST          laser.o
    0x080009d8   0x00000030   Code   RO         4432    i.DIGITAL_GRAY_ANALYSIS  digital_gray16.o
    0x08000a08   0x00000002   Code   RO          490    i.DebugMon_Handler  stm32f4xx_it.o
    0x08000a0a   0x00000062   Code   RO         4076    i.Duoji_Init        module_arm.o
    0x08000a6c   0x00000050   Code   RO         4077    i.Duoji_angle       module_arm.o
    0x08000abc   0x00000002   Code   RO           13    i.Error_Handler     main.o
    0x08000abe   0x00000002   PAD
    0x08000ac0   0x0000063c   Code   RO         4433    i.GRAY_FUNC_DIR_UPDATE  digital_gray16.o
    0x080010fc   0x0000001c   Code   RO         4435    i.GRAYx_FUNC_Linecount  digital_gray16.o
    0x08001118   0x00000044   Code   RO         4436    i.GRAYx_FUNC_POS    digital_gray16.o
    0x0800115c   0x00000002   Code   RO         3489    i.HAL_ADCEx_InjectedConvCpltCallback  stm32f4xx_hal_adc_ex.o
    0x0800115e   0x00000002   PAD
    0x08001160   0x00000154   Code   RO         3320    i.HAL_ADC_ConfigChannel  stm32f4xx_hal_adc.o
    0x080012b4   0x00000002   Code   RO         3321    i.HAL_ADC_ConvCpltCallback  stm32f4xx_hal_adc.o
    0x080012b6   0x00000002   Code   RO         3324    i.HAL_ADC_ErrorCallback  stm32f4xx_hal_adc.o
    0x080012b8   0x0000013c   Code   RO         3328    i.HAL_ADC_IRQHandler  stm32f4xx_hal_adc.o
    0x080013f4   0x00000054   Code   RO         3329    i.HAL_ADC_Init      stm32f4xx_hal_adc.o
    0x08001448   0x00000002   Code   RO         3330    i.HAL_ADC_LevelOutOfWindowCallback  stm32f4xx_hal_adc.o
    0x0800144a   0x00000002   PAD
    0x0800144c   0x00000070   Code   RO          675    i.HAL_ADC_MspInit   adc.o
    0x080014bc   0x00000028   Code   RO          759    i.HAL_CAN_ActivateNotification  stm32f4xx_hal_can.o
    0x080014e4   0x000000c8   Code   RO          760    i.HAL_CAN_AddTxMessage  stm32f4xx_hal_can.o
    0x080015ac   0x0000010c   Code   RO          761    i.HAL_CAN_ConfigFilter  stm32f4xx_hal_can.o
    0x080016b8   0x00000002   Code   RO          764    i.HAL_CAN_ErrorCallback  stm32f4xx_hal_can.o
    0x080016ba   0x000000fa   Code   RO          767    i.HAL_CAN_GetRxMessage  stm32f4xx_hal_can.o
    0x080017b4   0x000001fc   Code   RO          771    i.HAL_CAN_IRQHandler  stm32f4xx_hal_can.o
    0x080019b0   0x0000011a   Code   RO          772    i.HAL_CAN_Init      stm32f4xx_hal_can.o
    0x08001aca   0x00000002   PAD
    0x08001acc   0x0000011c   Code   RO          268    i.HAL_CAN_MspInit   can.o
    0x08001be8   0x00000002   Code   RO          779    i.HAL_CAN_RxFifo0FullCallback  stm32f4xx_hal_can.o
    0x08001bea   0x00000002   PAD
    0x08001bec   0x000000d8   Code   RO         3946    i.HAL_CAN_RxFifo0MsgPendingCallback  callback.o
    0x08001cc4   0x00000002   Code   RO          781    i.HAL_CAN_RxFifo1FullCallback  stm32f4xx_hal_can.o
    0x08001cc6   0x00000002   Code   RO          782    i.HAL_CAN_RxFifo1MsgPendingCallback  stm32f4xx_hal_can.o
    0x08001cc8   0x00000002   Code   RO          783    i.HAL_CAN_SleepCallback  stm32f4xx_hal_can.o
    0x08001cca   0x00000002   PAD
    0x08001ccc   0x00000058   Code   RO          784    i.HAL_CAN_Start     stm32f4xx_hal_can.o
    0x08001d24   0x00000002   Code   RO          786    i.HAL_CAN_TxMailbox0AbortCallback  stm32f4xx_hal_can.o
    0x08001d26   0x00000002   Code   RO          787    i.HAL_CAN_TxMailbox0CompleteCallback  stm32f4xx_hal_can.o
    0x08001d28   0x00000002   Code   RO          788    i.HAL_CAN_TxMailbox1AbortCallback  stm32f4xx_hal_can.o
    0x08001d2a   0x00000002   Code   RO          789    i.HAL_CAN_TxMailbox1CompleteCallback  stm32f4xx_hal_can.o
    0x08001d2c   0x00000002   Code   RO          790    i.HAL_CAN_TxMailbox2AbortCallback  stm32f4xx_hal_can.o
    0x08001d2e   0x00000002   Code   RO          791    i.HAL_CAN_TxMailbox2CompleteCallback  stm32f4xx_hal_can.o
    0x08001d30   0x00000002   Code   RO          793    i.HAL_CAN_WakeUpFromRxMsgCallback  stm32f4xx_hal_can.o
    0x08001d32   0x00000024   Code   RO         2703    i.HAL_DMA_Abort_IT  stm32f4xx_hal_dma.o
    0x08001d56   0x00000002   PAD
    0x08001d58   0x00000024   Code   RO         3139    i.HAL_Delay         stm32f4xx_hal.o
    0x08001d7c   0x000001cc   Code   RO         2595    i.HAL_GPIO_Init     stm32f4xx_hal_gpio.o
    0x08001f48   0x0000000a   Code   RO         2599    i.HAL_GPIO_WritePin  stm32f4xx_hal_gpio.o
    0x08001f52   0x00000002   PAD
    0x08001f54   0x0000000c   Code   RO         3147    i.HAL_GetTick       stm32f4xx_hal.o
    0x08001f60   0x00000010   Code   RO         3151    i.HAL_IncTick       stm32f4xx_hal.o
    0x08001f70   0x00000034   Code   RO         3152    i.HAL_Init          stm32f4xx_hal.o
    0x08001fa4   0x00000040   Code   RO         3153    i.HAL_InitTick      stm32f4xx_hal.o
    0x08001fe4   0x00000030   Code   RO          650    i.HAL_MspInit       stm32f4xx_hal_msp.o
    0x08002014   0x00000016   Code   RO         3002    i.HAL_NVIC_EnableIRQ  stm32f4xx_hal_cortex.o
    0x0800202a   0x00000002   PAD
    0x0800202c   0x00000040   Code   RO         3008    i.HAL_NVIC_SetPriority  stm32f4xx_hal_cortex.o
    0x0800206c   0x00000024   Code   RO         3009    i.HAL_NVIC_SetPriorityGrouping  stm32f4xx_hal_cortex.o
    0x08002090   0x00000130   Code   RO         2189    i.HAL_RCC_ClockConfig  stm32f4xx_hal_rcc.o
    0x080021c0   0x00000020   Code   RO         2196    i.HAL_RCC_GetPCLK1Freq  stm32f4xx_hal_rcc.o
    0x080021e0   0x00000020   Code   RO         2197    i.HAL_RCC_GetPCLK2Freq  stm32f4xx_hal_rcc.o
    0x08002200   0x00000064   Code   RO         2198    i.HAL_RCC_GetSysClockFreq  stm32f4xx_hal_rcc.o
    0x08002264   0x0000031c   Code   RO         2201    i.HAL_RCC_OscConfig  stm32f4xx_hal_rcc.o
    0x08002580   0x00000002   Code   RO         3597    i.HAL_SPI_ErrorCallback  stm32f4xx_hal_spi.o
    0x08002582   0x00000002   PAD
    0x08002584   0x000000d4   Code   RO         3600    i.HAL_SPI_IRQHandler  stm32f4xx_hal_spi.o
    0x08002658   0x00000080   Code   RO         3601    i.HAL_SPI_Init      stm32f4xx_hal_spi.o
    0x080026d8   0x000000a0   Code   RO          717    i.HAL_SPI_MspInit   spi.o
    0x08002778   0x00000168   Code   RO         3609    i.HAL_SPI_Transmit  stm32f4xx_hal_spi.o
    0x080028e0   0x00000028   Code   RO         3013    i.HAL_SYSTICK_Config  stm32f4xx_hal_cortex.o
    0x08002908   0x00000002   Code   RO         1623    i.HAL_TIMEx_BreakCallback  stm32f4xx_hal_tim_ex.o
    0x0800290a   0x00000002   Code   RO         1624    i.HAL_TIMEx_CommutationCallback  stm32f4xx_hal_tim_ex.o
    0x0800290c   0x0000005a   Code   RO         1625    i.HAL_TIMEx_ConfigBreakDeadTime  stm32f4xx_hal_tim_ex.o
    0x08002966   0x00000050   Code   RO         1640    i.HAL_TIMEx_MasterConfigSynchronization  stm32f4xx_hal_tim_ex.o
    0x080029b6   0x00000036   Code   RO          994    i.HAL_TIM_Base_Init  stm32f4xx_hal_tim.o
    0x080029ec   0x000000b4   Code   RO          327    i.HAL_TIM_Base_MspInit  tim.o
    0x08002aa0   0x00000018   Code   RO          999    i.HAL_TIM_Base_Start_IT  stm32f4xx_hal_tim.o
    0x08002ab8   0x000000f2   Code   RO         1003    i.HAL_TIM_ConfigClockSource  stm32f4xx_hal_tim.o
    0x08002baa   0x00000002   Code   RO         1023    i.HAL_TIM_IC_CaptureCallback  stm32f4xx_hal_tim.o
    0x08002bac   0x00000166   Code   RO         1036    i.HAL_TIM_IRQHandler  stm32f4xx_hal_tim.o
    0x08002d12   0x00000002   PAD
    0x08002d14   0x00000054   Code   RO          328    i.HAL_TIM_MspPostInit  tim.o
    0x08002d68   0x00000056   Code   RO         1037    i.HAL_TIM_OC_ConfigChannel  stm32f4xx_hal_tim.o
    0x08002dbe   0x00000002   Code   RO         3947    i.HAL_TIM_OC_DelayElapsedCallback  callback.o
    0x08002dc0   0x00000036   Code   RO         1041    i.HAL_TIM_OC_Init   stm32f4xx_hal_tim.o
    0x08002df6   0x00000002   Code   RO         1043    i.HAL_TIM_OC_MspInit  stm32f4xx_hal_tim.o
    0x08002df8   0x0000006c   Code   RO         1046    i.HAL_TIM_OC_Start_IT  stm32f4xx_hal_tim.o
    0x08002e64   0x000000d0   Code   RO         1060    i.HAL_TIM_PWM_ConfigChannel  stm32f4xx_hal_tim.o
    0x08002f34   0x00000036   Code   RO         1063    i.HAL_TIM_PWM_Init  stm32f4xx_hal_tim.o
    0x08002f6a   0x00000002   Code   RO         1065    i.HAL_TIM_PWM_MspInit  stm32f4xx_hal_tim.o
    0x08002f6c   0x00000040   Code   RO         3948    i.HAL_TIM_PWM_PulseFinishedCallback  callback.o
    0x08002fac   0x00000038   Code   RO         1067    i.HAL_TIM_PWM_Start  stm32f4xx_hal_tim.o
    0x08002fe4   0x0000005c   Code   RO         1070    i.HAL_TIM_PWM_Stop  stm32f4xx_hal_tim.o
    0x08003040   0x00000180   Code   RO         3949    i.HAL_TIM_PeriodElapsedCallback  callback.o
    0x080031c0   0x00000002   Code   RO         1077    i.HAL_TIM_TriggerCallback  stm32f4xx_hal_tim.o
    0x080031c2   0x00000002   PAD
    0x080031c4   0x0000009c   Code   RO         3950    i.HAL_UART_ErrorCallback  callback.o
    0x08003260   0x00000110   Code   RO         1886    i.HAL_UART_IRQHandler  stm32f4xx_hal_uart.o
    0x08003370   0x00000062   Code   RO         1887    i.HAL_UART_Init     stm32f4xx_hal_uart.o
    0x080033d2   0x00000002   PAD
    0x080033d4   0x000001b4   Code   RO          413    i.HAL_UART_MspInit  usart.o
    0x08003588   0x00000048   Code   RO         1892    i.HAL_UART_Receive_IT  stm32f4xx_hal_uart.o
    0x080035d0   0x000000c0   Code   RO         3951    i.HAL_UART_RxCpltCallback  callback.o
    0x08003690   0x000000ba   Code   RO         1895    i.HAL_UART_Transmit  stm32f4xx_hal_uart.o
    0x0800374a   0x00000002   Code   RO         1898    i.HAL_UART_TxCpltCallback  stm32f4xx_hal_uart.o
    0x0800374c   0x00000002   Code   RO          491    i.HardFault_Handler  stm32f4xx_it.o
    0x0800374e   0x00000002   Code   RO         4499    i.LASER_BARRIER_UPDATE  laser.o
    0x08003750   0x0000006c   Code   RO         4501    i.LASER_TX_UPDATE   laser.o
    0x080037bc   0x00000030   Code   RO         4401    i.LED               led.o
    0x080037ec   0x00000060   Code   RO          676    i.MX_ADC1_Init      adc.o
    0x0800384c   0x00000088   Code   RO          269    i.MX_CAN1_Init      can.o
    0x080038d4   0x00000088   Code   RO          270    i.MX_CAN2_Init      can.o
    0x0800395c   0x00000198   Code   RO          242    i.MX_GPIO_Init      gpio.o
    0x08003af4   0x00000048   Code   RO          718    i.MX_SPI1_Init      spi.o
    0x08003b3c   0x00000064   Code   RO          329    i.MX_TIM2_Init      tim.o
    0x08003ba0   0x00000068   Code   RO          330    i.MX_TIM3_Init      tim.o
    0x08003c08   0x00000068   Code   RO          331    i.MX_TIM4_Init      tim.o
    0x08003c70   0x000000ec   Code   RO          332    i.MX_TIM8_Init      tim.o
    0x08003d5c   0x0000004c   Code   RO          414    i.MX_UART7_Init     usart.o
    0x08003da8   0x00000038   Code   RO          415    i.MX_UART8_Init     usart.o
    0x08003de0   0x00000038   Code   RO          416    i.MX_USART2_UART_Init  usart.o
    0x08003e18   0x00000038   Code   RO          417    i.MX_USART3_UART_Init  usart.o
    0x08003e50   0x00000038   Code   RO          418    i.MX_USART6_UART_Init  usart.o
    0x08003e88   0x00000002   Code   RO          492    i.MemManage_Handler  stm32f4xx_it.o
    0x08003e8a   0x00000002   Code   RO          493    i.NMI_Handler       stm32f4xx_it.o
    0x08003e8c   0x00000020   Code   RO         3015    i.NVIC_SetPriority  stm32f4xx_hal_cortex.o
    0x08003eac   0x00000204   Code   RO         4594    i.OLED_TRACK_CAR    oled.o
    0x080040b0   0x0000001c   Code   RO         4749    i.OpenmvInit        openmv.o
    0x080040cc   0x000000b4   Code   RO         4750    i.OpenmvRevDataHandler  openmv.o
    0x08004180   0x00000020   Code   RO         4751    i.OpenmvRevDatasHandler  openmv.o
    0x080041a0   0x0000001c   Code   RO         4752    i.OpenmvScanBallStartStop  openmv.o
    0x080041bc   0x0000001c   Code   RO         4753    i.OpenmvThresholdMeasure  openmv.o
    0x080041d8   0x00000014   Code   RO         4224    i.PRECISE_ADJUST_OK  track.o
    0x080041ec   0x0000002c   Code   RO         4225    i.P_ADJUST          track.o
    0x08004218   0x00000002   Code   RO          494    i.PendSV_Handler    stm32f4xx_it.o
    0x0800421a   0x00000002   PAD
    0x0800421c   0x0000005c   Code   RO         4078    i.PlatformControl   module_arm.o
    0x08004278   0x00000034   Code   RO         4079    i.Platform_Init     module_arm.o
    0x080042ac   0x00000014   Code   RO         4226    i.SILENCE_ADJUST_OK  track.o
    0x080042c0   0x0000000c   Code   RO          495    i.SPI1_IRQHandler   stm32f4xx_it.o
    0x080042cc   0x00000020   Code   RO         3625    i.SPI_CheckFlag_BSY  stm32f4xx_hal_spi.o
    0x080042ec   0x00000010   Code   RO         3629    i.SPI_DMAAbortOnError  stm32f4xx_hal_spi.o
    0x080042fc   0x00000096   Code   RO         3643    i.SPI_WaitFlagStateUntilTimeout  stm32f4xx_hal_spi.o
    0x08004392   0x00000002   Code   RO          496    i.SVC_Handler       stm32f4xx_it.o
    0x08004394   0x0000002c   Code   RO         4227    i.S_ADJUST          track.o
    0x080043c0   0x00000004   Code   RO          497    i.SysTick_Handler   stm32f4xx_it.o
    0x080043c4   0x00000084   Code   RO           14    i.SystemClock_Config  main.o
    0x08004448   0x00000054   Code   RO         3908    i.SystemInit        system_stm32f4xx.o
    0x0800449c   0x000000b8   Code   RO         4017    i.TCPRevDataHandler  tcp.o
    0x08004554   0x0000007c   Code   RO         4018    i.TCPRevDatasHandler  tcp.o
    0x080045d0   0x0000000c   Code   RO          498    i.TIM2_IRQHandler   stm32f4xx_it.o
    0x080045dc   0x0000000c   Code   RO          499    i.TIM3_IRQHandler   stm32f4xx_it.o
    0x080045e8   0x0000000c   Code   RO          500    i.TIM4_IRQHandler   stm32f4xx_it.o
    0x080045f4   0x0000000c   Code   RO          501    i.TIM8_CC_IRQHandler  stm32f4xx_it.o
    0x08004600   0x000000c0   Code   RO         1078    i.TIM_Base_SetConfig  stm32f4xx_hal_tim.o
    0x080046c0   0x00000016   Code   RO         1079    i.TIM_CCxChannelCmd  stm32f4xx_hal_tim.o
    0x080046d6   0x00000014   Code   RO         1085    i.TIM_ETR_SetConfig  stm32f4xx_hal_tim.o
    0x080046ea   0x00000010   Code   RO         1086    i.TIM_ITRx_SetConfig  stm32f4xx_hal_tim.o
    0x080046fa   0x00000002   PAD
    0x080046fc   0x00000058   Code   RO         1087    i.TIM_OC1_SetConfig  stm32f4xx_hal_tim.o
    0x08004754   0x00000064   Code   RO         1088    i.TIM_OC2_SetConfig  stm32f4xx_hal_tim.o
    0x080047b8   0x00000060   Code   RO         1089    i.TIM_OC3_SetConfig  stm32f4xx_hal_tim.o
    0x08004818   0x00000050   Code   RO         1090    i.TIM_OC4_SetConfig  stm32f4xx_hal_tim.o
    0x08004868   0x00000022   Code   RO         1092    i.TIM_TI1_ConfigInputStage  stm32f4xx_hal_tim.o
    0x0800488a   0x00000024   Code   RO         1094    i.TIM_TI2_ConfigInputStage  stm32f4xx_hal_tim.o
    0x080048ae   0x00000002   PAD
    0x080048b0   0x00000020   Code   RO         4229    i.TRACK_CAR_CTOL    track.o
    0x080048d0   0x00000080   Code   RO         4230    i.TRACK_COR_GO      track.o
    0x08004950   0x00000174   Code   RO         4231    i.TRACK_COR_UPDATE  track.o
    0x08004ac4   0x00000204   Code   RO         4232    i.TRACK_DIR_GO      track.o
    0x08004cc8   0x00000078   Code   RO         4233    i.TRACK_DIR_UPDATE  track.o
    0x08004d40   0x00000048   Code   RO         4234    i.TRACK_GO_STEP     track.o
    0x08004d88   0x00000020   Code   RO         4235    i.TRACK_INIT        track.o
    0x08004da8   0x00000050   Code   RO         4236    i.TRACK_INSTRUCTION_TX  track.o
    0x08004df8   0x00000034   Code   RO         4238    i.TRACK_MODULE      track.o
    0x08004e2c   0x00000e74   Code   RO         4239    i.TRACK_MODULE_BLUE_BY  track.o
    0x08005ca0   0x00000cfc   Code   RO         4240    i.TRACK_MODULE_BLUE_BYB  track.o
    0x0800699c   0x00000f08   Code   RO         4241    i.TRACK_MODULE_BLUE_YB  track.o
    0x080078a4   0x00000d64   Code   RO         4242    i.TRACK_MODULE_RED_RY  track.o
    0x08008608   0x00000bd0   Code   RO         4243    i.TRACK_MODULE_RED_RYR  track.o
    0x080091d8   0x00000d78   Code   RO         4244    i.TRACK_MODULE_RED_YR  track.o
    0x08009f50   0x000007b0   Code   RO         4245    i.TRACK_POS_ADJUST  track.o
    0x0800a700   0x00000074   Code   RO         4246    i.TRACK_POS_GO      track.o
    0x0800a774   0x00000140   Code   RO         4247    i.TRACK_POS_UPDATE  track.o
    0x0800a8b4   0x00000040   Code   RO         4248    i.TRACK_TURN_ANGLE  track.o
    0x0800a8f4   0x0000000c   Code   RO          502    i.UART7_IRQHandler  stm32f4xx_it.o
    0x0800a900   0x0000000c   Code   RO          503    i.UART8_IRQHandler  stm32f4xx_it.o
    0x0800a90c   0x00000010   Code   RO         1900    i.UART_DMAAbortOnError  stm32f4xx_hal_uart.o
    0x0800a91c   0x0000001c   Code   RO         1910    i.UART_EndRxTransfer  stm32f4xx_hal_uart.o
    0x0800a938   0x0000008c   Code   RO         1912    i.UART_Receive_IT   stm32f4xx_hal_uart.o
    0x0800a9c4   0x000002ac   Code   RO         1913    i.UART_SetConfig    stm32f4xx_hal_uart.o
    0x0800ac70   0x00000062   Code   RO         1914    i.UART_Transmit_IT  stm32f4xx_hal_uart.o
    0x0800acd2   0x00000064   Code   RO         1915    i.UART_WaitOnFlagUntilTimeout  stm32f4xx_hal_uart.o
    0x0800ad36   0x00000002   PAD
    0x0800ad38   0x0000000c   Code   RO          504    i.USART2_IRQHandler  stm32f4xx_it.o
    0x0800ad44   0x0000000c   Code   RO          505    i.USART3_IRQHandler  stm32f4xx_it.o
    0x0800ad50   0x0000000c   Code   RO          506    i.USART6_IRQHandler  stm32f4xx_it.o
    0x0800ad5c   0x00000002   Code   RO          507    i.UsageFault_Handler  stm32f4xx_it.o
    0x0800ad5e   0x00000030   Code   RO         4992    i.__ARM_fpclassify  m_wm.l(fpclassify.o)
    0x0800ad8e   0x00000002   PAD
    0x0800ad90   0x000002d8   Code   RO         4856    i.__hardfp_atan     m_wm.l(atan.o)
    0x0800b068   0x000000f8   Code   RO         4994    i.__kernel_poly     m_wm.l(poly.o)
    0x0800b160   0x00000014   Code   RO         4979    i.__mathlib_dbl_infnan  m_wm.l(dunder.o)
    0x0800b174   0x00000004   PAD
    0x0800b178   0x00000020   Code   RO         4984    i.__mathlib_dbl_underflow  m_wm.l(dunder.o)
    0x0800b198   0x0000000e   Code   RO         5050    i.__scatterload_copy  mc_w.l(handlers.o)
    0x0800b1a6   0x00000002   Code   RO         5051    i.__scatterload_null  mc_w.l(handlers.o)
    0x0800b1a8   0x0000000e   Code   RO         5052    i.__scatterload_zeroinit  mc_w.l(handlers.o)
    0x0800b1b6   0x00000018   Code   RO         4884    i.fabs              m_wm.l(fabs.o)
    0x0800b1ce   0x00000002   PAD
    0x0800b1d0   0x000002d8   Code   RO         4087    i.finish_fetch      module_arm.o
    0x0800b4a8   0x000000b8   Code   RO           15    i.main              main.o
    0x0800b560   0x00000040   Code   RO         4599    i.oled_clear        oled.o
    0x0800b5a0   0x00000048   Code   RO         4603    i.oled_drawpoint    oled.o
    0x0800b5e8   0x00000124   Code   RO         4604    i.oled_init         oled.o
    0x0800b70c   0x00000034   Code   RO         4606    i.oled_refresh_gram  oled.o
    0x0800b740   0x0000002a   Code   RO         4607    i.oled_set_pos      oled.o
    0x0800b76a   0x00000002   PAD
    0x0800b76c   0x00000078   Code   RO         4608    i.oled_showchar     oled.o
    0x0800b7e4   0x00000072   Code   RO         4609    i.oled_shownum      oled.o
    0x0800b856   0x0000002e   Code   RO         4610    i.oled_showstring   oled.o
    0x0800b884   0x0000002c   Code   RO         4611    i.oled_write_byte   oled.o
    0x0800b8b0   0x0000002c   Code   RO          335    i.pwm_setvalue      tim.o
    0x0800b8dc   0x0000008e   Code   RO         4088    i.waiting_fetch_ball  module_arm.o
    0x0800b96a   0x0000009c   Code   RO         4089    i.waiting_fetch_cube  module_arm.o
    0x0800ba06   0x00000010   Data   RO         3909    .constdata          system_stm32f4xx.o
    0x0800ba16   0x00000008   Data   RO         3910    .constdata          system_stm32f4xx.o
    0x0800ba1e   0x00000874   Data   RO         4614    .constdata          oled.o
    0x0800c292   0x00000006   PAD
    0x0800c298   0x00000098   Data   RO         4859    .constdata          m_wm.l(atan.o)
    0x0800c330   0x00000020   Data   RO         5048    Region$$Table       anon$$obj.o


    Execution Region RW_IRAM1 (Base: 0x20000000, Size: 0x00000f20, Max: 0x00030000, ABSOLUTE)

    Base Addr    Size         Type   Attr      Idx    E Section Name        Object

    0x20000000   0x0000000c   Data   RW          276    .data               can.o
    0x2000000c   0x00000006   Data   RW          338    .data               tim.o
    0x20000012   0x00000002   PAD
    0x20000014   0x0000000c   Data   RW         3159    .data               stm32f4xx_hal.o
    0x20000020   0x00000004   Data   RW         3911    .data               system_stm32f4xx.o
    0x20000024   0x00000025   Data   RW         3954    .data               callback.o
    0x20000049   0x00000008   Data   RW         3957    .data               callback.o
    0x20000051   0x00000040   Data   RW         4022    .data               tcp.o
    0x20000091   0x0000000b   Data   RW         4095    .data               module_arm.o
    0x2000009c   0x00000024   Data   RW         4251    .data               track.o
    0x200000c0   0x00000001   Data   RW         4402    .data               led.o
    0x200000c1   0x00000003   PAD
    0x200000c4   0x00000008   Data   RW         4439    .data               digital_gray16.o
    0x200000cc   0x0000001c   Data   RW         4503    .data               laser.o
    0x200000e8   0x0000000f   Data   RW         4754    .data               openmv.o
    0x200000f7   0x00000001   PAD
    0x200000f8   0x000000a0   Zero   RW          271    .bss                can.o
    0x20000198   0x00000024   Zero   RW          272    .bss                can.o
    0x200001bc   0x00000028   Zero   RW          273    .bss                can.o
    0x200001e4   0x00000028   Zero   RW          275    .bss                can.o
    0x2000020c   0x000000f0   Zero   RW          336    .bss                tim.o
    0x200002fc   0x00000140   Zero   RW          420    .bss                usart.o
    0x2000043c   0x00000048   Zero   RW          677    .bss                adc.o
    0x20000484   0x00000058   Zero   RW          719    .bss                spi.o
    0x200004dc   0x0000000a   Zero   RW         4021    .bss                tcp.o
    0x200004e6   0x00000002   PAD
    0x200004e8   0x000000c8   Zero   RW         4091    .bss                module_arm.o
    0x200005b0   0x0000006c   Zero   RW         4250    .bss                track.o
    0x2000061c   0x00000068   Zero   RW         4438    .bss                digital_gray16.o
    0x20000684   0x0000007e   Zero   RW         4502    .bss                laser.o
    0x20000702   0x00000002   PAD
    0x20000704   0x0000041c   Zero   RW         4612    .bss                oled.o
    0x20000b20   0x00000400   Zero   RW            1    STACK               startup_stm32f427xx.o


==============================================================================

Image component sizes


      Code (inc. data)   RO Data    RW Data    ZI Data      Debug   Object Name

       208         24          0          0         72       1737   adc.o
      1014        154          0         45          0       6533   callback.o
       556         40          0         12        276       3488   can.o
      1740         62          0          8        104       5410   digital_gray16.o
       408         24          0          0          0       1231   gpio.o
       154         14          0         28        126       4063   laser.o
        48         10          0          1          0        752   led.o
       318         34          0          0          0     768645   main.o
      1348        130          0         11        200       8132   module_arm.o
      1362        250       2164          0       1052       9143   oled.o
       296         42          0         15          0       4076   openmv.o
       232         26          0          0         88       1785   spi.o
        36          8        428          0       1024        852   startup_stm32f427xx.o
       180         28          0         12          0       4713   stm32f4xx_hal.o
      1038         34          0          0          0       5422   stm32f4xx_hal_adc.o
         2          0          0          0          0       1041   stm32f4xx_hal_adc_ex.o
      1660          6          0          0          0      13787   stm32f4xx_hal_can.o
       194         14          0          0          0      30219   stm32f4xx_hal_cortex.o
        36          0          0          0          0       1251   stm32f4xx_hal_dma.o
       470         52          0          0          0       2304   stm32f4xx_hal_gpio.o
        48          6          0          0          0        886   stm32f4xx_hal_msp.o
      1264         80          0          0          0       5116   stm32f4xx_hal_rcc.o
       900          4          0          0          0       5911   stm32f4xx_hal_spi.o
      2028        106          0          0          0      18161   stm32f4xx_hal_tim.o
       174          0          0          0          0       3274   stm32f4xx_hal_tim_ex.o
      1696         14          0          0          0       8674   stm32f4xx_hal_uart.o
       200         90          0          0          0      11646   stm32f4xx_it.o
        84         18         24          4          0       1243   system_stm32f4xx.o
       308         36          0         64         10       3026   tcp.o
       852         70          0          6        240       5791   tim.o
     24772        768          0         36        108      34250   track.o
       736         80          0          0        320       4638   usart.o

    ----------------------------------------------------------------------
     44400       2224       2654        248       3624     977200   Object Totals
         0          0         32          0          0          0   (incl. Generated)
        38          0          6          6          4          0   (incl. Padding)

    ----------------------------------------------------------------------

      Code (inc. data)   RO Data    RW Data    ZI Data      Debug   Library Member Name

       728        106        152          0          0        228   atan.o
        52          8          0          0          0        248   dunder.o
        24          0          0          0          0        124   fabs.o
        48          0          0          0          0        124   fpclassify.o
       248          0          0          0          0        152   poly.o
         0          0          0          0          0          0   entry.o
         0          0          0          0          0          0   entry10a.o
         0          0          0          0          0          0   entry11a.o
         8          4          0          0          0          0   entry2.o
         4          0          0          0          0          0   entry5.o
         0          0          0          0          0          0   entry7b.o
         0          0          0          0          0          0   entry8b.o
         8          4          0          0          0          0   entry9a.o
        30          0          0          0          0          0   handlers.o
        36          8          0          0          0         68   init.o
         0          0          0          0          0          0   iusefp.o
        30          0          0          0          0         68   llshl.o
        36          0          0          0          0         68   llsshr.o
        32          0          0          0          0         68   llushr.o
        36          0          0          0          0         68   memcpya.o
        36          0          0          0          0        108   memseta.o
        18          0          0          0          0         68   strcpy.o
        98          0          0          0          0         92   uldiv.o
        48          0          0          0          0         68   cdcmple.o
        56          0          0          0          0         88   d2f.o
       334          0          0          0          0        148   dadd.o
       222          0          0          0          0        100   ddiv.o
       186          0          0          0          0        176   depilogue.o
        62          0          0          0          0         80   dfixi.o
        26          0          0          0          0         76   dfltui.o
       228          0          0          0          0         96   dmul.o
        38          0          0          0          0         68   f2d.o
       110          0          0          0          0        168   fepilogue.o

    ----------------------------------------------------------------------
      2794        130        152          0          0       2552   Library Totals
        12          0          0          0          0          0   (incl. Padding)

    ----------------------------------------------------------------------

      Code (inc. data)   RO Data    RW Data    ZI Data      Debug   Library Name

      1100        114        152          0          0        876   m_wm.l
       372         16          0          0          0        608   mc_w.l
      1310          0          0          0          0       1068   mf_w.l

    ----------------------------------------------------------------------
      2794        130        152          0          0       2552   Library Totals

    ----------------------------------------------------------------------

==============================================================================


      Code (inc. data)   RO Data    RW Data    ZI Data      Debug   

     47194       2354       2806        248       3624     959176   Grand Totals
     47194       2354       2806        248       3624     959176   ELF Image Totals
     47194       2354       2806        248          0          0   ROM Totals

==============================================================================

    Total RO  Size (Code + RO Data)                50000 (  48.83kB)
    Total RW  Size (RW Data + ZI Data)              3872 (   3.78kB)
    Total ROM Size (Code + RO Data + RW Data)      50248 (  49.07kB)

==============================================================================

